2026-03-17 03:41:44,553 | INFO | Final args:
2026-03-17 03:41:44,553 | INFO |   config: configs/hdc_imdb.yaml
2026-03-17 03:41:44,553 | INFO |   run_name: shared_step1
2026-03-17 03:41:44,553 | INFO |   model_key: hdc_bert
2026-03-17 03:41:44,553 | INFO |   dataset: imdb
2026-03-17 03:41:44,553 | INFO |   batch_size: 32
2026-03-17 03:41:44,553 | INFO |   max_length: 256
2026-03-17 03:41:44,553 | INFO |   model_name: bert-base-uncased
2026-03-17 03:41:44,553 | INFO |   dropout: 0.1
2026-03-17 03:41:44,553 | INFO |   split_layer: 6
2026-03-17 03:41:44,553 | INFO |   tau: 0.5
2026-03-17 03:41:44,553 | INFO |   target_keep_ratio: 0.7
2026-03-17 03:41:44,553 | INFO |   lambda_mod: 0.001
2026-03-17 03:41:44,553 | INFO |   stage1_learning_rate: 2e-05
2026-03-17 03:41:44,553 | INFO |   stage1_epochs: 3
2026-03-17 03:41:44,553 | INFO |   stage2_learning_rate: 0.001
2026-03-17 03:41:44,553 | INFO |   stage2_epochs: 0
2026-03-17 03:41:44,553 | INFO |   stage3_learning_rate: 0.001
2026-03-17 03:41:44,553 | INFO |   stage3_epochs: 0
2026-03-17 03:41:44,553 | INFO |   entropy_threshold: 0.2
2026-03-17 03:41:44,553 | INFO |   eval_early_exit: True
2026-03-17 03:41:44,554 | INFO |   seed: 42
2026-03-17 03:41:44,554 | INFO |   output_root: ./experiments_split/imdb
2026-03-17 03:41:44,554 | INFO |   resume_step1_ckpt: None
2026-03-17 03:41:44,554 | INFO |   resume_step2_ckpt: None
2026-03-17 03:41:44,554 | INFO |   output_dir: experiments_split/imdb/shared_step1
2026-03-17 03:41:44,554 | INFO | Using device: cuda
2026-03-17 03:41:44,554 | INFO | Loading data (train/test)...
2026-03-17 03:42:56,133 | INFO | Train batches: 782, Test batches: 782
2026-03-17 03:42:56,134 | INFO | Data loaded. num_labels=2
2026-03-17 03:42:56,134 | INFO | Initializing HDC-BERT model...
2026-03-17 03:43:00,930 | INFO | Total parameters: 109,497,620
2026-03-17 03:43:00,930 | INFO | Off-ramp parameters: 9,228 (0.0084%)
2026-03-17 03:43:00,930 | INFO | Router parameters: 4,614 (0.0042%)
2026-03-17 03:43:00,930 | INFO | Stage A layers: 0..5 (6 layers)
2026-03-17 03:43:00,930 | INFO | Stage B layers: 6..11 (6 layers)
2026-03-17 03:43:00,930 | INFO | Starting Stage 1: Dense fine-tuning...
2026-03-17 03:50:17,439 | INFO | Loading best Stage 1 checkpoint: experiments_split/imdb/shared_step1/best_model_step1.pt
2026-03-17 03:50:17,806 | INFO | Skipping Stage 2 (stage2_epochs=0).
2026-03-17 03:50:17,807 | INFO | Skipping Stage 3 (stage3_epochs=0).
2026-03-17 03:50:17,807 | INFO | Running final routing evaluation (forward_with_routing)...
2026-03-17 03:51:29,586 | INFO | Final routing accuracy:     0.9234
2026-03-17 03:51:29,587 | INFO | Final avg keep rate (B):    1.0000
2026-03-17 03:51:29,587 | INFO |   Stage B layer 0: keep_rate=1.0000
2026-03-17 03:51:29,587 | INFO |   Stage B layer 1: keep_rate=1.0000
2026-03-17 03:51:29,587 | INFO |   Stage B layer 2: keep_rate=1.0000
2026-03-17 03:51:29,587 | INFO |   Stage B layer 3: keep_rate=1.0000
2026-03-17 03:51:29,587 | INFO |   Stage B layer 4: keep_rate=1.0000
2026-03-17 03:51:29,587 | INFO |   Stage B layer 5: keep_rate=1.0000
2026-03-17 03:51:29,587 | INFO | Running final HDC inference evaluation...
2026-03-17 03:55:22,696 | INFO | HDC inference accuracy:     0.9234
2026-03-17 03:55:22,696 | INFO | Stage A exit rate:          0.0000
2026-03-17 03:55:22,696 | INFO | Avg exit layer (Stage A):   0.00
2026-03-17 03:55:22,696 | INFO | Avg keep rate (Stage B):    1.0000
2026-03-17 03:55:22,696 | INFO | Exit histogram:             {'final': 25000}
2026-03-17 03:55:22,696 | INFO | Measuring inference latency...
2026-03-17 03:55:57,065 | INFO | Inference speed: 1.3747 ms/sample (acc=0.9234)
2026-03-17 03:55:57,068 | INFO | HDC-BERT experiment completed successfully!
