2026-03-16 07:10:21,593 | INFO | Final args:
2026-03-16 07:10:21,593 | INFO | config: configs/router_tuning_imdb.yaml
2026-03-16 07:10:21,593 | INFO | run_name: keep_0.3
2026-03-16 07:10:21,593 | INFO | model_key: router_tuning
2026-03-16 07:10:21,593 | INFO | dataset: imdb
2026-03-16 07:10:21,593 | INFO | batch_size: 32
2026-03-16 07:10:21,593 | INFO | max_length: 256
2026-03-16 07:10:21,593 | INFO | model_name: bert-base-uncased
2026-03-16 07:10:21,593 | INFO | dropout: 0.1
2026-03-16 07:10:21,593 | INFO | stage1_learning_rate: 2e-05
2026-03-16 07:10:21,593 | INFO | stage1_epochs: 3
2026-03-16 07:10:21,593 | INFO | stage2_learning_rate: 0.001
2026-03-16 07:10:21,593 | INFO | stage2_epochs: 5
2026-03-16 07:10:21,593 | INFO | grad_clip_norm: 1.0
2026-03-16 07:10:21,593 | INFO | routing_mode: token
2026-03-16 07:10:21,593 | INFO | tau: 0.5
2026-03-16 07:10:21,593 | INFO | lambda_mod: 0.001
2026-03-16 07:10:21,593 | INFO | target_keep_ratio: 0.3
2026-03-16 07:10:21,593 | INFO | routed_layers: None
2026-03-16 07:10:21,593 | INFO | seed: 42
2026-03-16 07:10:21,593 | INFO | output_root: ./experiments_pareto/routerbert/imdb
2026-03-16 07:10:21,593 | INFO | resume_step1_ckpt: ./experiments_pareto/routerbert/imdb/shared_step1.pt
2026-03-16 07:10:21,593 | INFO | output_dir: experiments_pareto/routerbert/imdb/keep_0.3
2026-03-16 07:10:21,594 | INFO | Using device: cuda
2026-03-16 07:10:21,594 | INFO | Loading data (train/test)...
2026-03-16 07:10:27,562 | INFO | Train batches: 782, Test batches: 782
2026-03-16 07:10:27,562 | INFO | Data loaded. num_labels=2
2026-03-16 07:10:27,841 | INFO | Routed layers: all
2026-03-16 07:10:27,841 | INFO | Initializing Router-Tuning BERT model...
2026-03-16 07:10:28,648 | INFO | Total parameters:    109,493,006
2026-03-16 07:10:28,649 | INFO | Router parameters:   9,228 (0.0084%)
2026-03-16 07:10:28,649 | INFO | Backbone parameters: 109,483,778
2026-03-16 07:10:28,649 | INFO | Loading Step1 checkpoint from: ./experiments_pareto/routerbert/imdb/shared_step1.pt
2026-03-16 07:10:29,056 | INFO | Starting Step2 training (freeze backbone，only training router)...
2026-03-16 07:26:32,541 | INFO | Loading best Step2 checkpoint: experiments_pareto/routerbert/imdb/keep_0.3/best_model_step2.pt
2026-03-16 07:26:32,836 | INFO | Running final evaluation for report metrics...
2026-03-16 07:28:26,815 | INFO | Final test accuracy:       0.8206
2026-03-16 07:28:26,815 | INFO | Final avg keep rate (eval): 0.2411
2026-03-16 07:28:26,815 | INFO |   Layer  0 keep_rate: 0.2910
2026-03-16 07:28:26,815 | INFO |   Layer  1 keep_rate: 0.2646
2026-03-16 07:28:26,815 | INFO |   Layer  2 keep_rate: 0.2697
2026-03-16 07:28:26,815 | INFO |   Layer  3 keep_rate: 0.2539
2026-03-16 07:28:26,815 | INFO |   Layer  4 keep_rate: 0.2702
2026-03-16 07:28:26,815 | INFO |   Layer  5 keep_rate: 0.2785
2026-03-16 07:28:26,815 | INFO |   Layer  6 keep_rate: 0.2279
2026-03-16 07:28:26,815 | INFO |   Layer  7 keep_rate: 0.2093
2026-03-16 07:28:26,815 | INFO |   Layer  8 keep_rate: 0.2254
2026-03-16 07:28:26,815 | INFO |   Layer  9 keep_rate: 0.2231
2026-03-16 07:28:26,815 | INFO |   Layer 10 keep_rate: 0.2230
2026-03-16 07:28:26,815 | INFO |   Layer 11 keep_rate: 0.1571
2026-03-16 07:28:26,817 | INFO | Router-Tuning experiment completed successfully!
