2026-03-16 07:50:48,120 | INFO | Final args:
2026-03-16 07:50:48,120 | INFO | config: configs/router_tuning_imdb.yaml
2026-03-16 07:50:48,120 | INFO | run_name: keep_0.5
2026-03-16 07:50:48,120 | INFO | model_key: router_tuning
2026-03-16 07:50:48,120 | INFO | dataset: imdb
2026-03-16 07:50:48,120 | INFO | batch_size: 32
2026-03-16 07:50:48,120 | INFO | max_length: 256
2026-03-16 07:50:48,120 | INFO | model_name: bert-base-uncased
2026-03-16 07:50:48,120 | INFO | dropout: 0.1
2026-03-16 07:50:48,120 | INFO | stage1_learning_rate: 2e-05
2026-03-16 07:50:48,120 | INFO | stage1_epochs: 3
2026-03-16 07:50:48,120 | INFO | stage2_learning_rate: 0.001
2026-03-16 07:50:48,120 | INFO | stage2_epochs: 5
2026-03-16 07:50:48,120 | INFO | grad_clip_norm: 1.0
2026-03-16 07:50:48,120 | INFO | routing_mode: token
2026-03-16 07:50:48,120 | INFO | tau: 0.5
2026-03-16 07:50:48,120 | INFO | lambda_mod: 0.001
2026-03-16 07:50:48,120 | INFO | target_keep_ratio: 0.5
2026-03-16 07:50:48,120 | INFO | routed_layers: None
2026-03-16 07:50:48,120 | INFO | seed: 42
2026-03-16 07:50:48,120 | INFO | output_root: ./experiments_pareto/routerbert/imdb
2026-03-16 07:50:48,120 | INFO | resume_step1_ckpt: ./experiments_pareto/routerbert/imdb/shared_step1.pt
2026-03-16 07:50:48,120 | INFO | output_dir: experiments_pareto/routerbert/imdb/keep_0.5
2026-03-16 07:50:48,121 | INFO | Using device: cuda
2026-03-16 07:50:48,121 | INFO | Loading data (train/test)...
2026-03-16 07:50:54,128 | INFO | Train batches: 782, Test batches: 782
2026-03-16 07:50:54,129 | INFO | Data loaded. num_labels=2
2026-03-16 07:50:54,432 | INFO | Routed layers: all
2026-03-16 07:50:54,432 | INFO | Initializing Router-Tuning BERT model...
2026-03-16 07:50:55,189 | INFO | Total parameters:    109,493,006
2026-03-16 07:50:55,189 | INFO | Router parameters:   9,228 (0.0084%)
2026-03-16 07:50:55,189 | INFO | Backbone parameters: 109,483,778
2026-03-16 07:50:55,189 | INFO | Loading Step1 checkpoint from: ./experiments_pareto/routerbert/imdb/shared_step1.pt
2026-03-16 07:50:55,543 | INFO | Starting Step2 training (freeze backbone，only training router)...
2026-03-16 08:06:59,386 | INFO | Loading best Step2 checkpoint: experiments_pareto/routerbert/imdb/keep_0.5/best_model_step2.pt
2026-03-16 08:06:59,691 | INFO | Running final evaluation for report metrics...
2026-03-16 08:08:54,967 | INFO | Final test accuracy:       0.8788
2026-03-16 08:08:54,967 | INFO | Final avg keep rate (eval): 0.4230
2026-03-16 08:08:54,967 | INFO |   Layer  0 keep_rate: 0.4760
2026-03-16 08:08:54,967 | INFO |   Layer  1 keep_rate: 0.5107
2026-03-16 08:08:54,967 | INFO |   Layer  2 keep_rate: 0.4111
2026-03-16 08:08:54,968 | INFO |   Layer  3 keep_rate: 0.4072
2026-03-16 08:08:54,968 | INFO |   Layer  4 keep_rate: 0.4529
2026-03-16 08:08:54,968 | INFO |   Layer  5 keep_rate: 0.4899
2026-03-16 08:08:54,968 | INFO |   Layer  6 keep_rate: 0.3982
2026-03-16 08:08:54,968 | INFO |   Layer  7 keep_rate: 0.3864
2026-03-16 08:08:54,968 | INFO |   Layer  8 keep_rate: 0.3844
2026-03-16 08:08:54,968 | INFO |   Layer  9 keep_rate: 0.3991
2026-03-16 08:08:54,968 | INFO |   Layer 10 keep_rate: 0.3752
2026-03-16 08:08:54,968 | INFO |   Layer 11 keep_rate: 0.3854
2026-03-16 08:08:54,969 | INFO | Router-Tuning experiment completed successfully!
