2026-03-26 02:28:47,226 | INFO | Final args:
2026-03-26 02:28:47,226 | INFO |   config: configs/hdc_imdb.yaml
2026-03-26 02:28:47,226 | INFO |   run_name: run_03
2026-03-26 02:28:47,226 | INFO |   model_key: hdc_bert
2026-03-26 02:28:47,226 | INFO |   dataset: imdb
2026-03-26 02:28:47,226 | INFO |   batch_size: 32
2026-03-26 02:28:47,226 | INFO |   max_length: 256
2026-03-26 02:28:47,226 | INFO |   model_name: bert-base-uncased
2026-03-26 02:28:47,226 | INFO |   dropout: 0.1
2026-03-26 02:28:47,227 | INFO |   split_layer: 8
2026-03-26 02:28:47,227 | INFO |   tau: 0.5
2026-03-26 02:28:47,227 | INFO |   target_keep_ratio: 0.6
2026-03-26 02:28:47,227 | INFO |   lambda_mod: 0.001
2026-03-26 02:28:47,227 | INFO |   stage1_learning_rate: 2e-05
2026-03-26 02:28:47,227 | INFO |   stage1_epochs: 3
2026-03-26 02:28:47,227 | INFO |   stage2_learning_rate: 0.001
2026-03-26 02:28:47,227 | INFO |   stage2_epochs: 5
2026-03-26 02:28:47,227 | INFO |   stage3_learning_rate: 0.001
2026-03-26 02:28:47,227 | INFO |   stage3_epochs: 5
2026-03-26 02:28:47,227 | INFO |   entropy_threshold: 0.4
2026-03-26 02:28:47,227 | INFO |   eval_early_exit: True
2026-03-26 02:28:47,227 | INFO |   seed: 456
2026-03-26 02:28:47,227 | INFO |   output_root: ./experiments/hdc/imdb
2026-03-26 02:28:47,227 | INFO |   resume_step1_ckpt: ./experiments/hdc/imdb/run_01/best_model_step1.pt
2026-03-26 02:28:47,227 | INFO |   resume_step2_ckpt: None
2026-03-26 02:28:47,227 | INFO |   output_dir: experiments/hdc/imdb/run_03
2026-03-26 02:28:47,227 | INFO | Using device: cuda
2026-03-26 02:28:47,227 | INFO | Loading data (train/test)...
2026-03-26 02:29:05,319 | INFO | Train batches: 782, Test batches: 782
2026-03-26 02:29:05,319 | INFO | Data loaded. num_labels=2
2026-03-26 02:29:05,319 | INFO | Initializing HDC-BERT model...
2026-03-26 02:29:06,077 | INFO | Total parameters: 109,499,158
2026-03-26 02:29:06,077 | INFO | Off-ramp parameters: 12,304 (0.0112%)
2026-03-26 02:29:06,077 | INFO | Router parameters: 3,076 (0.0028%)
2026-03-26 02:29:06,077 | INFO | Stage A layers: 0..7 (8 layers)
2026-03-26 02:29:06,077 | INFO | Stage B layers: 8..11 (4 layers)
2026-03-26 02:29:06,077 | INFO | Loading Stage 1 checkpoint from: ./experiments/hdc/imdb/run_01/best_model_step1.pt
2026-03-26 02:29:06,410 | INFO | Starting Stage 2: Off-ramp training...
2026-03-26 02:49:14,815 | INFO | Loading best Stage 2 checkpoint: experiments/hdc/imdb/run_03/best_model_step2.pt
2026-03-26 02:49:15,115 | INFO | Starting Stage 3: Router training...
2026-03-26 02:59:10,648 | INFO | Loading best Stage 3 checkpoint: experiments/hdc/imdb/run_03/best_model_step3.pt
2026-03-26 02:59:10,847 | INFO | Running final routing evaluation (forward_with_routing)...
2026-03-26 03:00:20,676 | INFO | Final routing accuracy:     0.9153
2026-03-26 03:00:20,676 | INFO | Final avg keep rate (B):    0.4085
2026-03-26 03:00:20,676 | INFO |   Stage B layer 0: keep_rate=0.5625
2026-03-26 03:00:20,677 | INFO |   Stage B layer 1: keep_rate=0.4594
2026-03-26 03:00:20,677 | INFO |   Stage B layer 2: keep_rate=0.4499
2026-03-26 03:00:20,677 | INFO |   Stage B layer 3: keep_rate=0.1622
2026-03-26 03:00:20,677 | INFO | Running final HDC inference evaluation...
2026-03-26 03:03:23,964 | INFO | HDC inference accuracy:     0.9042
2026-03-26 03:03:23,964 | INFO | Stage A exit rate:          0.4584
2026-03-26 03:03:23,964 | INFO | Avg exit layer (Stage A):   5.88
2026-03-26 03:03:23,964 | INFO | Avg keep rate (Stage B):    0.4041
2026-03-26 03:03:23,964 | INFO | Exit histogram:             {'2': 5, '3': 4, '4': 2522, '5': 1001, '6': 3789, '7': 3590, '8': 548, 'final': 13541}
2026-03-26 03:03:23,964 | INFO | Measuring inference latency...
2026-03-26 03:03:58,699 | INFO | Inference speed: 1.3894 ms/sample (acc=0.9215)
2026-03-26 03:03:58,702 | INFO | HDC-BERT experiment completed successfully!
