2026-03-24 16:56:52,090 | INFO | Final args:
2026-03-24 16:56:52,090 | INFO |   config: configs/hdc_imdb.yaml
2026-03-24 16:56:52,090 | INFO |   run_name: split_6
2026-03-24 16:56:52,090 | INFO |   model_key: hdc_bert
2026-03-24 16:56:52,090 | INFO |   dataset: imdb
2026-03-24 16:56:52,091 | INFO |   batch_size: 32
2026-03-24 16:56:52,091 | INFO |   max_length: 256
2026-03-24 16:56:52,091 | INFO |   model_name: bert-base-uncased
2026-03-24 16:56:52,091 | INFO |   dropout: 0.1
2026-03-24 16:56:52,091 | INFO |   split_layer: 6
2026-03-24 16:56:52,091 | INFO |   tau: 0.5
2026-03-24 16:56:52,091 | INFO |   target_keep_ratio: 0.6
2026-03-24 16:56:52,092 | INFO |   lambda_mod: 0.001
2026-03-24 16:56:52,092 | INFO |   stage1_learning_rate: 2e-05
2026-03-24 16:56:52,092 | INFO |   stage1_epochs: 3
2026-03-24 16:56:52,092 | INFO |   stage2_learning_rate: 0.001
2026-03-24 16:56:52,092 | INFO |   stage2_epochs: 5
2026-03-24 16:56:52,092 | INFO |   stage3_learning_rate: 0.001
2026-03-24 16:56:52,092 | INFO |   stage3_epochs: 5
2026-03-24 16:56:52,092 | INFO |   entropy_threshold: 0.4
2026-03-24 16:56:52,093 | INFO |   eval_early_exit: True
2026-03-24 16:56:52,093 | INFO |   seed: 42
2026-03-24 16:56:52,093 | INFO |   output_root: ./experiments_split/imdb
2026-03-24 16:56:52,093 | INFO |   resume_step1_ckpt: ./experiments_split/imdb/shared_step1.pt
2026-03-24 16:56:52,093 | INFO |   resume_step2_ckpt: None
2026-03-24 16:56:52,093 | INFO |   output_dir: experiments_split/imdb/split_6
2026-03-24 16:56:52,093 | INFO | Using device: cuda
2026-03-24 16:56:52,093 | INFO | Loading data (train/test)...
2026-03-24 16:57:09,976 | INFO | Train batches: 782, Test batches: 782
2026-03-24 16:57:09,976 | INFO | Data loaded. num_labels=2
2026-03-24 16:57:09,977 | INFO | Initializing HDC-BERT model...
2026-03-24 16:57:10,820 | INFO | Total parameters: 109,497,620
2026-03-24 16:57:10,821 | INFO | Off-ramp parameters: 9,228 (0.0084%)
2026-03-24 16:57:10,821 | INFO | Router parameters: 4,614 (0.0042%)
2026-03-24 16:57:10,821 | INFO | Stage A layers: 0..5 (6 layers)
2026-03-24 16:57:10,821 | INFO | Stage B layers: 6..11 (6 layers)
2026-03-24 16:57:10,821 | INFO | Loading Stage 1 checkpoint from: ./experiments_split/imdb/shared_step1.pt
2026-03-24 16:57:11,161 | INFO | Starting Stage 2: Off-ramp training...
2026-03-24 17:19:53,414 | INFO | Loading best Stage 2 checkpoint: experiments_split/imdb/split_6/best_model_step2.pt
2026-03-24 17:19:53,691 | INFO | Starting Stage 3: Router training...
2026-03-24 17:32:12,888 | INFO | Loading best Stage 3 checkpoint: experiments_split/imdb/split_6/best_model_step3.pt
2026-03-24 17:32:13,171 | INFO | Running final routing evaluation (forward_with_routing)...
2026-03-24 17:33:44,585 | INFO | Final routing accuracy:     0.9193
2026-03-24 17:33:44,585 | INFO | Final avg keep rate (B):    0.5109
2026-03-24 17:33:44,585 | INFO |   Stage B layer 0: keep_rate=0.5124
2026-03-24 17:33:44,586 | INFO |   Stage B layer 1: keep_rate=0.5582
2026-03-24 17:33:44,586 | INFO |   Stage B layer 2: keep_rate=0.5495
2026-03-24 17:33:44,586 | INFO |   Stage B layer 3: keep_rate=0.4761
2026-03-24 17:33:44,586 | INFO |   Stage B layer 4: keep_rate=0.4836
2026-03-24 17:33:44,586 | INFO |   Stage B layer 5: keep_rate=0.4854
2026-03-24 17:33:44,586 | INFO | Running final HDC inference evaluation...
2026-03-24 17:37:21,984 | INFO | HDC inference accuracy:     0.9114
2026-03-24 17:37:21,985 | INFO | Stage A exit rate:          0.2874
2026-03-24 17:37:21,985 | INFO | Avg exit layer (Stage A):   4.94
2026-03-24 17:37:21,985 | INFO | Avg keep rate (Stage B):    0.5188
2026-03-24 17:37:21,985 | INFO | Exit histogram:             {'2': 2, '3': 44, '4': 3313, '5': 884, '6': 2941, 'final': 17816}
2026-03-24 17:37:21,985 | INFO | Measuring inference latency...
2026-03-24 17:37:56,962 | INFO | Inference speed: 1.3990 ms/sample (acc=0.9234)
2026-03-24 17:37:56,965 | INFO | HDC-BERT experiment completed successfully!
