2026-03-15 10:21:26,052 | INFO | Final args:
2026-03-15 10:21:26,052 | INFO | config: configs/router_tuning_agnews.yaml
2026-03-15 10:21:26,052 | INFO | run_name: run_01
2026-03-15 10:21:26,052 | INFO | model_key: router_tuning
2026-03-15 10:21:26,052 | INFO | dataset: ag_news
2026-03-15 10:21:26,052 | INFO | batch_size: 32
2026-03-15 10:21:26,052 | INFO | max_length: 128
2026-03-15 10:21:26,052 | INFO | model_name: bert-base-uncased
2026-03-15 10:21:26,052 | INFO | dropout: 0.1
2026-03-15 10:21:26,052 | INFO | stage1_learning_rate: 2e-05
2026-03-15 10:21:26,052 | INFO | stage1_epochs: 3
2026-03-15 10:21:26,052 | INFO | stage2_learning_rate: 0.001
2026-03-15 10:21:26,052 | INFO | stage2_epochs: 5
2026-03-15 10:21:26,052 | INFO | grad_clip_norm: 1.0
2026-03-15 10:21:26,053 | INFO | routing_mode: token
2026-03-15 10:21:26,053 | INFO | tau: 0.5
2026-03-15 10:21:26,053 | INFO | lambda_mod: 0.001
2026-03-15 10:21:26,053 | INFO | target_keep_ratio: 0.7
2026-03-15 10:21:26,053 | INFO | routed_layers: None
2026-03-15 10:21:26,053 | INFO | seed: 42
2026-03-15 10:21:26,053 | INFO | output_root: ./experiments/router_tuning/agnews
2026-03-15 10:21:26,053 | INFO | resume_step1_ckpt: None
2026-03-15 10:21:26,053 | INFO | output_dir: experiments/router_tuning/agnews/run_01
2026-03-15 10:21:26,053 | INFO | Using device: cuda
2026-03-15 10:21:26,053 | INFO | Loading data (train/test)...
2026-03-15 10:21:35,281 | INFO | Train batches: 3750, Test batches: 238
2026-03-15 10:21:35,282 | INFO | Data loaded. num_labels=4
2026-03-15 10:21:35,594 | INFO | Routed layers: all
2026-03-15 10:21:35,594 | INFO | Initializing Router-Tuning BERT model...
2026-03-15 10:21:36,449 | INFO | Total parameters:    109,494,544
2026-03-15 10:21:36,449 | INFO | Router parameters:   9,228 (0.0084%)
2026-03-15 10:21:36,449 | INFO | Backbone parameters: 109,485,316
2026-03-15 10:21:36,449 | INFO | Starting Step1 training
2026-03-15 10:37:49,663 | INFO | Loading best Step1 checkpoint: experiments/router_tuning/agnews/run_01/best_model_step1.pt
2026-03-15 10:37:50,012 | INFO | Starting Step2 training (freeze backbone，only training router)...
2026-03-15 11:00:54,005 | INFO | Loading best Step2 checkpoint: experiments/router_tuning/agnews/run_01/best_model_step2.pt
2026-03-15 11:00:54,335 | INFO | Running final evaluation for report metrics...
2026-03-15 11:01:28,514 | INFO | Final test accuracy:       0.9224
2026-03-15 11:01:28,514 | INFO | Final avg keep rate (eval): 0.5477
2026-03-15 11:01:28,514 | INFO |   Layer  0 keep_rate: 0.6266
2026-03-15 11:01:28,514 | INFO |   Layer  1 keep_rate: 0.5493
2026-03-15 11:01:28,514 | INFO |   Layer  2 keep_rate: 0.5316
2026-03-15 11:01:28,514 | INFO |   Layer  3 keep_rate: 0.4971
2026-03-15 11:01:28,514 | INFO |   Layer  4 keep_rate: 0.6148
2026-03-15 11:01:28,514 | INFO |   Layer  5 keep_rate: 0.6680
2026-03-15 11:01:28,514 | INFO |   Layer  6 keep_rate: 0.4266
2026-03-15 11:01:28,514 | INFO |   Layer  7 keep_rate: 0.5325
2026-03-15 11:01:28,514 | INFO |   Layer  8 keep_rate: 0.6712
2026-03-15 11:01:28,514 | INFO |   Layer  9 keep_rate: 0.5265
2026-03-15 11:01:28,514 | INFO |   Layer 10 keep_rate: 0.5188
2026-03-15 11:01:28,514 | INFO |   Layer 11 keep_rate: 0.4097
2026-03-15 11:01:28,515 | INFO | Router-Tuning experiment completed successfully!
