2026-03-25 04:11:45,192 | INFO | Final args:
2026-03-25 04:11:45,192 | INFO |   config: configs/hdc_agnews.yaml
2026-03-25 04:11:45,192 | INFO |   run_name: keep_0.5
2026-03-25 04:11:45,192 | INFO |   model_key: hdc_bert
2026-03-25 04:11:45,192 | INFO |   dataset: ag_news
2026-03-25 04:11:45,192 | INFO |   batch_size: 32
2026-03-25 04:11:45,192 | INFO |   max_length: 128
2026-03-25 04:11:45,192 | INFO |   model_name: bert-base-uncased
2026-03-25 04:11:45,193 | INFO |   dropout: 0.1
2026-03-25 04:11:45,193 | INFO |   split_layer: 6
2026-03-25 04:11:45,193 | INFO |   tau: 0.5
2026-03-25 04:11:45,193 | INFO |   target_keep_ratio: 0.5
2026-03-25 04:11:45,193 | INFO |   lambda_mod: 0.001
2026-03-25 04:11:45,193 | INFO |   stage1_learning_rate: 2e-05
2026-03-25 04:11:45,193 | INFO |   stage1_epochs: 3
2026-03-25 04:11:45,193 | INFO |   stage2_learning_rate: 0.001
2026-03-25 04:11:45,193 | INFO |   stage2_epochs: 5
2026-03-25 04:11:45,193 | INFO |   stage3_learning_rate: 0.001
2026-03-25 04:11:45,193 | INFO |   stage3_epochs: 5
2026-03-25 04:11:45,193 | INFO |   entropy_threshold: 0.2
2026-03-25 04:11:45,193 | INFO |   eval_early_exit: True
2026-03-25 04:11:45,193 | INFO |   seed: 42
2026-03-25 04:11:45,193 | INFO |   output_root: ./experiments_pareto/hdcbert/agnews
2026-03-25 04:11:45,193 | INFO |   resume_step1_ckpt: ./experiments_pareto/hdcbert/agnews/shared_step1.pt
2026-03-25 04:11:45,193 | INFO |   resume_step2_ckpt: ./experiments_pareto/hdcbert/agnews/shared_step2.pt
2026-03-25 04:11:45,193 | INFO |   output_dir: experiments_pareto/hdcbert/agnews/keep_0.5
2026-03-25 04:11:45,193 | INFO | Using device: cuda
2026-03-25 04:11:45,194 | INFO | Loading data (train/test)...
2026-03-25 04:11:59,923 | INFO | Train batches: 3750, Test batches: 238
2026-03-25 04:11:59,923 | INFO | Data loaded. num_labels=4
2026-03-25 04:11:59,923 | INFO | Initializing HDC-BERT model...
2026-03-25 04:12:00,704 | INFO | Total parameters: 109,508,386
2026-03-25 04:12:00,705 | INFO | Off-ramp parameters: 18,456 (0.0169%)
2026-03-25 04:12:00,705 | INFO | Router parameters: 4,614 (0.0042%)
2026-03-25 04:12:00,705 | INFO | Stage A layers: 0..5 (6 layers)
2026-03-25 04:12:00,705 | INFO | Stage B layers: 6..11 (6 layers)
2026-03-25 04:12:00,705 | INFO | Loading Stage 1 checkpoint from: ./experiments_pareto/hdcbert/agnews/shared_step1.pt
2026-03-25 04:12:01,035 | INFO | Loading Stage 2 checkpoint from: ./experiments_pareto/hdcbert/agnews/shared_step2.pt
2026-03-25 04:12:01,331 | INFO | Starting Stage 3: Router training...
2026-03-25 04:26:10,788 | INFO | Loading best Stage 3 checkpoint: experiments_pareto/hdcbert/agnews/keep_0.5/best_model_step3.pt
2026-03-25 04:26:11,061 | INFO | Running final routing evaluation (forward_with_routing)...
2026-03-25 04:26:33,971 | INFO | Final routing accuracy:     0.9405
2026-03-25 04:26:33,971 | INFO | Final avg keep rate (B):    0.3558
2026-03-25 04:26:33,971 | INFO |   Stage B layer 0: keep_rate=0.3337
2026-03-25 04:26:33,971 | INFO |   Stage B layer 1: keep_rate=0.3963
2026-03-25 04:26:33,971 | INFO |   Stage B layer 2: keep_rate=0.4079
2026-03-25 04:26:33,972 | INFO |   Stage B layer 3: keep_rate=0.3143
2026-03-25 04:26:33,972 | INFO |   Stage B layer 4: keep_rate=0.3308
2026-03-25 04:26:33,972 | INFO |   Stage B layer 5: keep_rate=0.3517
2026-03-25 04:26:33,972 | INFO | Running final HDC inference evaluation...
2026-03-25 04:27:10,830 | INFO | HDC inference accuracy:     0.9384
2026-03-25 04:27:10,830 | INFO | Stage A exit rate:          0.7814
2026-03-25 04:27:10,830 | INFO | Avg exit layer (Stage A):   2.84
2026-03-25 04:27:10,830 | INFO | Avg keep rate (Stage B):    0.4284
2026-03-25 04:27:10,830 | INFO | Exit histogram:             {'1': 399, '2': 2932, '3': 858, '4': 971, '5': 516, '6': 263, 'final': 1661}
2026-03-25 04:27:10,830 | INFO | Measuring inference latency...
2026-03-25 04:27:16,115 | INFO | Inference speed: 0.6953 ms/sample (acc=0.9466)
2026-03-25 04:27:16,118 | INFO | HDC-BERT experiment completed successfully!
