2026-03-16 05:02:47,972 | INFO | Final args:
2026-03-16 05:02:47,972 | INFO | config: configs/router_tuning_agnews.yaml
2026-03-16 05:02:47,972 | INFO | run_name: keep_0.5
2026-03-16 05:02:47,972 | INFO | model_key: router_tuning
2026-03-16 05:02:47,972 | INFO | dataset: ag_news
2026-03-16 05:02:47,972 | INFO | batch_size: 32
2026-03-16 05:02:47,972 | INFO | max_length: 128
2026-03-16 05:02:47,972 | INFO | model_name: bert-base-uncased
2026-03-16 05:02:47,972 | INFO | dropout: 0.1
2026-03-16 05:02:47,972 | INFO | stage1_learning_rate: 2e-05
2026-03-16 05:02:47,972 | INFO | stage1_epochs: 3
2026-03-16 05:02:47,972 | INFO | stage2_learning_rate: 0.001
2026-03-16 05:02:47,972 | INFO | stage2_epochs: 5
2026-03-16 05:02:47,972 | INFO | grad_clip_norm: 1.0
2026-03-16 05:02:47,973 | INFO | routing_mode: token
2026-03-16 05:02:47,973 | INFO | tau: 0.5
2026-03-16 05:02:47,973 | INFO | lambda_mod: 0.001
2026-03-16 05:02:47,973 | INFO | target_keep_ratio: 0.5
2026-03-16 05:02:47,973 | INFO | routed_layers: None
2026-03-16 05:02:47,973 | INFO | seed: 42
2026-03-16 05:02:47,973 | INFO | output_root: ./experiments_pareto/routerbert/agnews
2026-03-16 05:02:47,973 | INFO | resume_step1_ckpt: ./experiments_pareto/routerbert/agnews/shared_step1.pt
2026-03-16 05:02:47,973 | INFO | output_dir: experiments_pareto/routerbert/agnews/keep_0.5
2026-03-16 05:02:47,973 | INFO | Using device: cuda
2026-03-16 05:02:47,973 | INFO | Loading data (train/test)...
2026-03-16 05:02:54,248 | INFO | Train batches: 3750, Test batches: 238
2026-03-16 05:02:54,248 | INFO | Data loaded. num_labels=4
2026-03-16 05:02:54,539 | INFO | Routed layers: all
2026-03-16 05:02:54,539 | INFO | Initializing Router-Tuning BERT model...
2026-03-16 05:02:55,295 | INFO | Total parameters:    109,494,544
2026-03-16 05:02:55,295 | INFO | Router parameters:   9,228 (0.0084%)
2026-03-16 05:02:55,295 | INFO | Backbone parameters: 109,485,316
2026-03-16 05:02:55,295 | INFO | Loading Step1 checkpoint from: ./experiments_pareto/routerbert/agnews/shared_step1.pt
2026-03-16 05:02:55,645 | INFO | Starting Step2 training (freeze backbone，only training router)...
2026-03-16 05:20:40,064 | INFO | Loading best Step2 checkpoint: experiments_pareto/routerbert/agnews/keep_0.5/best_model_step2.pt
2026-03-16 05:20:40,383 | INFO | Running final evaluation for report metrics...
2026-03-16 05:21:12,038 | INFO | Final test accuracy:       0.9034
2026-03-16 05:21:12,038 | INFO | Final avg keep rate (eval): 0.3801
2026-03-16 05:21:12,039 | INFO |   Layer  0 keep_rate: 0.4716
2026-03-16 05:21:12,039 | INFO |   Layer  1 keep_rate: 0.3220
2026-03-16 05:21:12,039 | INFO |   Layer  2 keep_rate: 0.3721
2026-03-16 05:21:12,039 | INFO |   Layer  3 keep_rate: 0.3767
2026-03-16 05:21:12,039 | INFO |   Layer  4 keep_rate: 0.3968
2026-03-16 05:21:12,039 | INFO |   Layer  5 keep_rate: 0.4365
2026-03-16 05:21:12,039 | INFO |   Layer  6 keep_rate: 0.3588
2026-03-16 05:21:12,039 | INFO |   Layer  7 keep_rate: 0.4231
2026-03-16 05:21:12,039 | INFO |   Layer  8 keep_rate: 0.3333
2026-03-16 05:21:12,039 | INFO |   Layer  9 keep_rate: 0.3882
2026-03-16 05:21:12,039 | INFO |   Layer 10 keep_rate: 0.4724
2026-03-16 05:21:12,039 | INFO |   Layer 11 keep_rate: 0.2097
2026-03-16 05:21:12,040 | INFO | Router-Tuning experiment completed successfully!
