2026-03-16 05:41:30,793 | INFO | Final args:
2026-03-16 05:41:30,793 | INFO | config: configs/router_tuning_agnews.yaml
2026-03-16 05:41:30,794 | INFO | run_name: keep_0.7
2026-03-16 05:41:30,794 | INFO | model_key: router_tuning
2026-03-16 05:41:30,794 | INFO | dataset: ag_news
2026-03-16 05:41:30,794 | INFO | batch_size: 32
2026-03-16 05:41:30,794 | INFO | max_length: 128
2026-03-16 05:41:30,794 | INFO | model_name: bert-base-uncased
2026-03-16 05:41:30,794 | INFO | dropout: 0.1
2026-03-16 05:41:30,794 | INFO | stage1_learning_rate: 2e-05
2026-03-16 05:41:30,794 | INFO | stage1_epochs: 3
2026-03-16 05:41:30,794 | INFO | stage2_learning_rate: 0.001
2026-03-16 05:41:30,794 | INFO | stage2_epochs: 5
2026-03-16 05:41:30,794 | INFO | grad_clip_norm: 1.0
2026-03-16 05:41:30,794 | INFO | routing_mode: token
2026-03-16 05:41:30,794 | INFO | tau: 0.5
2026-03-16 05:41:30,794 | INFO | lambda_mod: 0.001
2026-03-16 05:41:30,794 | INFO | target_keep_ratio: 0.7
2026-03-16 05:41:30,794 | INFO | routed_layers: None
2026-03-16 05:41:30,794 | INFO | seed: 42
2026-03-16 05:41:30,794 | INFO | output_root: ./experiments_pareto/routerbert/agnews
2026-03-16 05:41:30,794 | INFO | resume_step1_ckpt: ./experiments_pareto/routerbert/agnews/shared_step1.pt
2026-03-16 05:41:30,794 | INFO | output_dir: experiments_pareto/routerbert/agnews/keep_0.7
2026-03-16 05:41:30,794 | INFO | Using device: cuda
2026-03-16 05:41:30,794 | INFO | Loading data (train/test)...
2026-03-16 05:41:37,273 | INFO | Train batches: 3750, Test batches: 238
2026-03-16 05:41:37,273 | INFO | Data loaded. num_labels=4
2026-03-16 05:41:37,554 | INFO | Routed layers: all
2026-03-16 05:41:37,554 | INFO | Initializing Router-Tuning BERT model...
2026-03-16 05:41:38,297 | INFO | Total parameters:    109,494,544
2026-03-16 05:41:38,297 | INFO | Router parameters:   9,228 (0.0084%)
2026-03-16 05:41:38,297 | INFO | Backbone parameters: 109,485,316
2026-03-16 05:41:38,297 | INFO | Loading Step1 checkpoint from: ./experiments_pareto/routerbert/agnews/shared_step1.pt
2026-03-16 05:41:38,666 | INFO | Starting Step2 training (freeze backbone，only training router)...
2026-03-16 05:59:39,816 | INFO | Loading best Step2 checkpoint: experiments_pareto/routerbert/agnews/keep_0.7/best_model_step2.pt
2026-03-16 05:59:40,131 | INFO | Running final evaluation for report metrics...
2026-03-16 06:00:13,968 | INFO | Final test accuracy:       0.9180
2026-03-16 06:00:13,968 | INFO | Final avg keep rate (eval): 0.5741
2026-03-16 06:00:13,968 | INFO |   Layer  0 keep_rate: 0.6150
2026-03-16 06:00:13,969 | INFO |   Layer  1 keep_rate: 0.5263
2026-03-16 06:00:13,969 | INFO |   Layer  2 keep_rate: 0.6007
2026-03-16 06:00:13,969 | INFO |   Layer  3 keep_rate: 0.5123
2026-03-16 06:00:13,969 | INFO |   Layer  4 keep_rate: 0.5309
2026-03-16 06:00:13,969 | INFO |   Layer  5 keep_rate: 0.6361
2026-03-16 06:00:13,969 | INFO |   Layer  6 keep_rate: 0.5479
2026-03-16 06:00:13,969 | INFO |   Layer  7 keep_rate: 0.5732
2026-03-16 06:00:13,969 | INFO |   Layer  8 keep_rate: 0.6054
2026-03-16 06:00:13,969 | INFO |   Layer  9 keep_rate: 0.5943
2026-03-16 06:00:13,969 | INFO |   Layer 10 keep_rate: 0.6031
2026-03-16 06:00:13,969 | INFO |   Layer 11 keep_rate: 0.5441
2026-03-16 06:00:13,970 | INFO | Router-Tuning experiment completed successfully!
