2026-03-15 02:04:27,246 | INFO | Final args:
2026-03-15 02:04:27,246 | INFO | config: configs/deebert_agnews.yaml
2026-03-15 02:04:27,246 | INFO | run_name: run_01
2026-03-15 02:04:27,246 | INFO | model_key: deebert
2026-03-15 02:04:27,246 | INFO | dataset: ag_news
2026-03-15 02:04:27,246 | INFO | batch_size: 32
2026-03-15 02:04:27,246 | INFO | max_length: 128
2026-03-15 02:04:27,246 | INFO | model_name: bert-base-uncased
2026-03-15 02:04:27,247 | INFO | dropout: 0.1
2026-03-15 02:04:27,247 | INFO | stage1_learning_rate: 2e-05
2026-03-15 02:04:27,247 | INFO | stage1_epochs: 3
2026-03-15 02:04:27,247 | INFO | stage2_learning_rate: 0.001
2026-03-15 02:04:27,247 | INFO | stage2_epochs: 5
2026-03-15 02:04:27,247 | INFO | grad_clip_norm: 1.0
2026-03-15 02:04:27,247 | INFO | entropy_threshold: 0.2
2026-03-15 02:04:27,247 | INFO | early_exit_fn: forward_early_exit_batchwise
2026-03-15 02:04:27,247 | INFO | eval_early_exit: True
2026-03-15 02:04:27,247 | INFO | seed: 42
2026-03-15 02:04:27,247 | INFO | output_root: ./experiments/deebert/agnews
2026-03-15 02:04:27,247 | INFO | resume_step1_ckpt: None
2026-03-15 02:04:27,247 | INFO | output_dir: experiments/deebert/agnews/run_01
2026-03-15 02:04:27,247 | INFO | Using device: cuda
2026-03-15 02:04:27,247 | INFO | Loading data (train/test)...
2026-03-15 02:04:37,108 | INFO | Train batches: 3750, Test batches: 238
2026-03-15 02:04:37,109 | INFO | Data loaded. num_labels=4
2026-03-15 02:04:37,109 | INFO | Building early-exit test loader (batch_size=1)...
2026-03-15 02:04:45,980 | INFO | Early-exit test loader batches: 7600
2026-03-15 02:04:45,980 | INFO | Initializing DeeBERT model...
2026-03-15 02:04:46,794 | INFO | Model parameters: 109,519,152
2026-03-15 02:04:46,794 | INFO | Starting Step1 training (dense fine-tune)...
2026-03-15 02:19:15,769 | INFO | Loading best Step1 checkpoint: experiments/deebert/agnews/run_01/best_model_step1.pt
2026-03-15 02:19:16,414 | INFO | Starting Step2 training (train off-ramps)...
2026-03-15 02:30:11,977 | INFO | DeeBERT experiment completed successfully!
