2026-03-17 01:34:16,285 | INFO | Final args:
2026-03-17 01:34:16,285 | INFO |   config: configs/hdc_agnews.yaml
2026-03-17 01:34:16,285 | INFO |   run_name: split_2
2026-03-17 01:34:16,285 | INFO |   model_key: hdc_bert
2026-03-17 01:34:16,285 | INFO |   dataset: ag_news
2026-03-17 01:34:16,285 | INFO |   batch_size: 32
2026-03-17 01:34:16,286 | INFO |   max_length: 128
2026-03-17 01:34:16,286 | INFO |   model_name: bert-base-uncased
2026-03-17 01:34:16,286 | INFO |   dropout: 0.1
2026-03-17 01:34:16,286 | INFO |   split_layer: 2
2026-03-17 01:34:16,286 | INFO |   tau: 0.5
2026-03-17 01:34:16,286 | INFO |   target_keep_ratio: 0.7
2026-03-17 01:34:16,286 | INFO |   lambda_mod: 0.001
2026-03-17 01:34:16,286 | INFO |   stage1_learning_rate: 2e-05
2026-03-17 01:34:16,286 | INFO |   stage1_epochs: 3
2026-03-17 01:34:16,286 | INFO |   stage2_learning_rate: 0.001
2026-03-17 01:34:16,286 | INFO |   stage2_epochs: 5
2026-03-17 01:34:16,286 | INFO |   stage3_learning_rate: 0.001
2026-03-17 01:34:16,286 | INFO |   stage3_epochs: 5
2026-03-17 01:34:16,286 | INFO |   entropy_threshold: 0.2
2026-03-17 01:34:16,286 | INFO |   eval_early_exit: True
2026-03-17 01:34:16,286 | INFO |   seed: 42
2026-03-17 01:34:16,286 | INFO |   output_root: ./experiments_split/agnews
2026-03-17 01:34:16,286 | INFO |   resume_step1_ckpt: ./experiments_split/agnews/shared_step1.pt
2026-03-17 01:34:16,286 | INFO |   resume_step2_ckpt: None
2026-03-17 01:34:16,286 | INFO |   output_dir: experiments_split/agnews/split_2
2026-03-17 01:34:16,286 | INFO | Using device: cuda
2026-03-17 01:34:16,286 | INFO | Loading data (train/test)...
2026-03-17 01:34:32,474 | INFO | Train batches: 3750, Test batches: 238
2026-03-17 01:34:32,475 | INFO | Data loaded. num_labels=4
2026-03-17 01:34:32,475 | INFO | Initializing HDC-BERT model...
2026-03-17 01:34:47,834 | INFO | Total parameters: 109,499,158
2026-03-17 01:34:47,835 | INFO | Off-ramp parameters: 6,152 (0.0056%)
2026-03-17 01:34:47,835 | INFO | Router parameters: 7,690 (0.0070%)
2026-03-17 01:34:47,835 | INFO | Stage A layers: 0..1 (2 layers)
2026-03-17 01:34:47,835 | INFO | Stage B layers: 2..11 (10 layers)
2026-03-17 01:34:47,835 | INFO | Loading Stage 1 checkpoint from: ./experiments_split/agnews/shared_step1.pt
2026-03-17 01:34:48,273 | INFO | Starting Stage 2: Off-ramp training...
2026-03-17 01:47:08,398 | INFO | Loading best Stage 2 checkpoint: experiments_split/agnews/split_2/best_model_step2.pt
2026-03-17 01:47:08,747 | INFO | Starting Stage 3: Router training...
2026-03-17 02:02:55,176 | INFO | Loading best Stage 3 checkpoint: experiments_split/agnews/split_2/best_model_step3.pt
2026-03-17 02:02:55,512 | INFO | Running final routing evaluation (forward_with_routing)...
2026-03-17 02:03:21,803 | INFO | Final routing accuracy:     0.9212
2026-03-17 02:03:21,804 | INFO | Final avg keep rate (B):    0.5379
2026-03-17 02:03:21,804 | INFO |   Stage B layer 0: keep_rate=0.6431
2026-03-17 02:03:21,804 | INFO |   Stage B layer 1: keep_rate=0.6258
2026-03-17 02:03:21,804 | INFO |   Stage B layer 2: keep_rate=0.5663
2026-03-17 02:03:21,804 | INFO |   Stage B layer 3: keep_rate=0.6128
2026-03-17 02:03:21,804 | INFO |   Stage B layer 4: keep_rate=0.4843
2026-03-17 02:03:21,804 | INFO |   Stage B layer 5: keep_rate=0.4418
2026-03-17 02:03:21,804 | INFO |   Stage B layer 6: keep_rate=0.5299
2026-03-17 02:03:21,804 | INFO |   Stage B layer 7: keep_rate=0.5995
2026-03-17 02:03:21,804 | INFO |   Stage B layer 8: keep_rate=0.4409
2026-03-17 02:03:21,804 | INFO |   Stage B layer 9: keep_rate=0.4352
2026-03-17 02:03:21,804 | INFO | Running final HDC inference evaluation...
2026-03-17 02:04:22,924 | INFO | HDC inference accuracy:     0.9238
2026-03-17 02:04:22,924 | INFO | Stage A exit rate:          0.3372
2026-03-17 02:04:22,924 | INFO | Avg exit layer (Stage A):   1.98
2026-03-17 02:04:22,924 | INFO | Avg keep rate (Stage B):    0.5720
2026-03-17 02:04:22,924 | INFO | Exit histogram:             {'1': 40, '2': 2523, 'final': 5037}
2026-03-17 02:04:22,924 | INFO | Measuring inference latency...
2026-03-17 02:04:28,167 | INFO | Inference speed: 0.6897 ms/sample (acc=0.9466)
2026-03-17 02:04:28,171 | INFO | HDC-BERT experiment completed successfully!
