2026-03-16 19:27:24,497 | INFO | Final args:
2026-03-16 19:27:24,497 | INFO |   config: configs/hdc_agnews.yaml
2026-03-16 19:27:24,497 | INFO |   run_name: run_01
2026-03-16 19:27:24,497 | INFO |   model_key: hdc_bert
2026-03-16 19:27:24,497 | INFO |   dataset: ag_news
2026-03-16 19:27:24,497 | INFO |   batch_size: 32
2026-03-16 19:27:24,497 | INFO |   max_length: 128
2026-03-16 19:27:24,497 | INFO |   model_name: bert-base-uncased
2026-03-16 19:27:24,497 | INFO |   dropout: 0.1
2026-03-16 19:27:24,497 | INFO |   split_layer: 6
2026-03-16 19:27:24,498 | INFO |   tau: 0.5
2026-03-16 19:27:24,498 | INFO |   target_keep_ratio: 0.7
2026-03-16 19:27:24,498 | INFO |   lambda_mod: 0.001
2026-03-16 19:27:24,498 | INFO |   stage1_learning_rate: 2e-05
2026-03-16 19:27:24,498 | INFO |   stage1_epochs: 3
2026-03-16 19:27:24,498 | INFO |   stage2_learning_rate: 0.001
2026-03-16 19:27:24,498 | INFO |   stage2_epochs: 5
2026-03-16 19:27:24,498 | INFO |   stage3_learning_rate: 0.001
2026-03-16 19:27:24,498 | INFO |   stage3_epochs: 5
2026-03-16 19:27:24,498 | INFO |   entropy_threshold: 0.2
2026-03-16 19:27:24,498 | INFO |   eval_early_exit: True
2026-03-16 19:27:24,498 | INFO |   seed: 42
2026-03-16 19:27:24,498 | INFO |   output_root: ./experiments/hdc/agnews
2026-03-16 19:27:24,498 | INFO |   resume_step1_ckpt: None
2026-03-16 19:27:24,498 | INFO |   resume_step2_ckpt: None
2026-03-16 19:27:24,498 | INFO |   output_dir: experiments/hdc/agnews/run_01
2026-03-16 19:27:24,498 | INFO | Using device: cuda
2026-03-16 19:27:24,498 | INFO | Loading data (train/test)...
2026-03-16 19:28:06,827 | INFO | Train batches: 3750, Test batches: 238
2026-03-16 19:28:06,827 | INFO | Data loaded. num_labels=4
2026-03-16 19:28:06,828 | INFO | Initializing HDC-BERT model...
2026-03-16 19:28:08,352 | INFO | Total parameters: 109,508,386
2026-03-16 19:28:08,352 | INFO | Off-ramp parameters: 18,456 (0.0169%)
2026-03-16 19:28:08,352 | INFO | Router parameters: 4,614 (0.0042%)
2026-03-16 19:28:08,352 | INFO | Stage A layers: 0..5 (6 layers)
2026-03-16 19:28:08,352 | INFO | Stage B layers: 6..11 (6 layers)
2026-03-16 19:28:08,352 | INFO | Starting Stage 1: Dense fine-tuning...
2026-03-16 19:42:04,886 | INFO | Loading best Stage 1 checkpoint: experiments/hdc/agnews/run_01/best_model_step1.pt
2026-03-16 19:42:05,231 | INFO | Starting Stage 2: Off-ramp training...
2026-03-16 19:53:02,283 | INFO | Loading best Stage 2 checkpoint: experiments/hdc/agnews/run_01/best_model_step2.pt
2026-03-16 19:53:02,636 | INFO | Starting Stage 3: Router training...
2026-03-16 20:05:30,968 | INFO | Loading best Stage 3 checkpoint: experiments/hdc/agnews/run_01/best_model_step3.pt
2026-03-16 20:05:31,192 | INFO | Running final routing evaluation (forward_with_routing)...
2026-03-16 20:05:51,414 | INFO | Final routing accuracy:     0.9412
2026-03-16 20:05:51,414 | INFO | Final avg keep rate (B):    0.5441
2026-03-16 20:05:51,414 | INFO |   Stage B layer 0: keep_rate=0.4981
2026-03-16 20:05:51,414 | INFO |   Stage B layer 1: keep_rate=0.6374
2026-03-16 20:05:51,414 | INFO |   Stage B layer 2: keep_rate=0.5133
2026-03-16 20:05:51,415 | INFO |   Stage B layer 3: keep_rate=0.5275
2026-03-16 20:05:51,415 | INFO |   Stage B layer 4: keep_rate=0.6308
2026-03-16 20:05:51,415 | INFO |   Stage B layer 5: keep_rate=0.4574
2026-03-16 20:05:51,415 | INFO | Running final HDC inference evaluation...
2026-03-16 20:06:32,723 | INFO | HDC inference accuracy:     0.9383
2026-03-16 20:06:32,723 | INFO | Stage A exit rate:          0.7253
2026-03-16 20:06:32,723 | INFO | Avg exit layer (Stage A):   3.20
2026-03-16 20:06:32,723 | INFO | Avg keep rate (Stage B):    0.5992
2026-03-16 20:06:32,723 | INFO | Exit histogram:             {'1': 44, '2': 2424, '3': 808, '4': 1231, '5': 657, '6': 348, 'final': 2088}
2026-03-16 20:06:32,723 | INFO | Measuring inference latency...
2026-03-16 20:06:37,897 | INFO | Inference speed: 0.6806 ms/sample (acc=0.9466)
2026-03-16 20:06:37,900 | INFO | HDC-BERT experiment completed successfully!
