2026-03-26 01:10:39,588 | INFO | Final args:
2026-03-26 01:10:39,588 | INFO |   config: configs/hdc_imdb.yaml
2026-03-26 01:10:39,588 | INFO |   run_name: run_01
2026-03-26 01:10:39,588 | INFO |   model_key: hdc_bert
2026-03-26 01:10:39,588 | INFO |   dataset: imdb
2026-03-26 01:10:39,588 | INFO |   batch_size: 32
2026-03-26 01:10:39,588 | INFO |   max_length: 256
2026-03-26 01:10:39,588 | INFO |   model_name: bert-base-uncased
2026-03-26 01:10:39,589 | INFO |   dropout: 0.1
2026-03-26 01:10:39,589 | INFO |   split_layer: 8
2026-03-26 01:10:39,589 | INFO |   tau: 0.5
2026-03-26 01:10:39,589 | INFO |   target_keep_ratio: 0.6
2026-03-26 01:10:39,589 | INFO |   lambda_mod: 0.001
2026-03-26 01:10:39,589 | INFO |   stage1_learning_rate: 2e-05
2026-03-26 01:10:39,589 | INFO |   stage1_epochs: 3
2026-03-26 01:10:39,589 | INFO |   stage2_learning_rate: 0.001
2026-03-26 01:10:39,589 | INFO |   stage2_epochs: 5
2026-03-26 01:10:39,589 | INFO |   stage3_learning_rate: 0.001
2026-03-26 01:10:39,589 | INFO |   stage3_epochs: 5
2026-03-26 01:10:39,589 | INFO |   entropy_threshold: 0.4
2026-03-26 01:10:39,589 | INFO |   eval_early_exit: True
2026-03-26 01:10:39,589 | INFO |   seed: 42
2026-03-26 01:10:39,589 | INFO |   output_root: ./experiments/hdc/imdb
2026-03-26 01:10:39,589 | INFO |   resume_step1_ckpt: None
2026-03-26 01:10:39,589 | INFO |   resume_step2_ckpt: None
2026-03-26 01:10:39,589 | INFO |   output_dir: experiments/hdc/imdb/run_01
2026-03-26 01:10:39,589 | INFO | Using device: cuda
2026-03-26 01:10:39,589 | INFO | Loading data (train/test)...
2026-03-26 01:10:57,740 | INFO | Train batches: 782, Test batches: 782
2026-03-26 01:10:57,741 | INFO | Data loaded. num_labels=2
2026-03-26 01:10:57,741 | INFO | Initializing HDC-BERT model...
2026-03-26 01:10:58,561 | INFO | Total parameters: 109,499,158
2026-03-26 01:10:58,561 | INFO | Off-ramp parameters: 12,304 (0.0112%)
2026-03-26 01:10:58,561 | INFO | Router parameters: 3,076 (0.0028%)
2026-03-26 01:10:58,561 | INFO | Stage A layers: 0..7 (8 layers)
2026-03-26 01:10:58,561 | INFO | Stage B layers: 8..11 (4 layers)
2026-03-26 01:10:58,561 | INFO | Starting Stage 1: Dense fine-tuning...
2026-03-26 01:18:19,348 | INFO | Loading best Stage 1 checkpoint: experiments/hdc/imdb/run_01/best_model_step1.pt
2026-03-26 01:18:19,633 | INFO | Starting Stage 2: Off-ramp training...
2026-03-26 01:38:34,549 | INFO | Loading best Stage 2 checkpoint: experiments/hdc/imdb/run_01/best_model_step2.pt
2026-03-26 01:38:34,828 | INFO | Starting Stage 3: Router training...
2026-03-26 01:48:35,587 | INFO | Loading best Stage 3 checkpoint: experiments/hdc/imdb/run_01/best_model_step3.pt
2026-03-26 01:48:35,872 | INFO | Running final routing evaluation (forward_with_routing)...
2026-03-26 01:49:46,692 | INFO | Final routing accuracy:     0.9194
2026-03-26 01:49:46,693 | INFO | Final avg keep rate (B):    0.3647
2026-03-26 01:49:46,693 | INFO |   Stage B layer 0: keep_rate=0.4643
2026-03-26 01:49:46,693 | INFO |   Stage B layer 1: keep_rate=0.3338
2026-03-26 01:49:46,693 | INFO |   Stage B layer 2: keep_rate=0.2768
2026-03-26 01:49:46,693 | INFO |   Stage B layer 3: keep_rate=0.3839
2026-03-26 01:49:46,693 | INFO | Running final HDC inference evaluation...
2026-03-26 01:52:52,325 | INFO | HDC inference accuracy:     0.9102
2026-03-26 01:52:52,325 | INFO | Stage A exit rate:          0.4393
2026-03-26 01:52:52,325 | INFO | Avg exit layer (Stage A):   5.97
2026-03-26 01:52:52,325 | INFO | Avg keep rate (Stage B):    0.3693
2026-03-26 01:52:52,326 | INFO | Exit histogram:             {'2': 3, '4': 2269, '5': 615, '6': 4046, '7': 3294, '8': 756, 'final': 14017}
2026-03-26 01:52:52,326 | INFO | Measuring inference latency...
2026-03-26 01:53:26,949 | INFO | Inference speed: 1.3849 ms/sample (acc=0.9215)
2026-03-26 01:53:26,952 | INFO | HDC-BERT experiment completed successfully!
