2026-03-24 17:38:01,799 | INFO | Final args:
2026-03-24 17:38:01,799 | INFO |   config: configs/hdc_imdb.yaml
2026-03-24 17:38:01,799 | INFO |   run_name: split_8
2026-03-24 17:38:01,799 | INFO |   model_key: hdc_bert
2026-03-24 17:38:01,799 | INFO |   dataset: imdb
2026-03-24 17:38:01,799 | INFO |   batch_size: 32
2026-03-24 17:38:01,799 | INFO |   max_length: 256
2026-03-24 17:38:01,799 | INFO |   model_name: bert-base-uncased
2026-03-24 17:38:01,799 | INFO |   dropout: 0.1
2026-03-24 17:38:01,799 | INFO |   split_layer: 8
2026-03-24 17:38:01,799 | INFO |   tau: 0.5
2026-03-24 17:38:01,799 | INFO |   target_keep_ratio: 0.6
2026-03-24 17:38:01,799 | INFO |   lambda_mod: 0.001
2026-03-24 17:38:01,799 | INFO |   stage1_learning_rate: 2e-05
2026-03-24 17:38:01,799 | INFO |   stage1_epochs: 3
2026-03-24 17:38:01,799 | INFO |   stage2_learning_rate: 0.001
2026-03-24 17:38:01,799 | INFO |   stage2_epochs: 5
2026-03-24 17:38:01,799 | INFO |   stage3_learning_rate: 0.001
2026-03-24 17:38:01,800 | INFO |   stage3_epochs: 5
2026-03-24 17:38:01,800 | INFO |   entropy_threshold: 0.4
2026-03-24 17:38:01,800 | INFO |   eval_early_exit: True
2026-03-24 17:38:01,800 | INFO |   seed: 42
2026-03-24 17:38:01,800 | INFO |   output_root: ./experiments_split/imdb
2026-03-24 17:38:01,800 | INFO |   resume_step1_ckpt: ./experiments_split/imdb/shared_step1.pt
2026-03-24 17:38:01,800 | INFO |   resume_step2_ckpt: None
2026-03-24 17:38:01,800 | INFO |   output_dir: experiments_split/imdb/split_8
2026-03-24 17:38:01,800 | INFO | Using device: cuda
2026-03-24 17:38:01,800 | INFO | Loading data (train/test)...
2026-03-24 17:38:18,661 | INFO | Train batches: 782, Test batches: 782
2026-03-24 17:38:18,662 | INFO | Data loaded. num_labels=2
2026-03-24 17:38:18,662 | INFO | Initializing HDC-BERT model...
2026-03-24 17:38:19,487 | INFO | Total parameters: 109,499,158
2026-03-24 17:38:19,488 | INFO | Off-ramp parameters: 12,304 (0.0112%)
2026-03-24 17:38:19,488 | INFO | Router parameters: 3,076 (0.0028%)
2026-03-24 17:38:19,488 | INFO | Stage A layers: 0..7 (8 layers)
2026-03-24 17:38:19,488 | INFO | Stage B layers: 8..11 (4 layers)
2026-03-24 17:38:19,488 | INFO | Loading Stage 1 checkpoint from: ./experiments_split/imdb/shared_step1.pt
2026-03-24 17:38:19,842 | INFO | Starting Stage 2: Off-ramp training...
2026-03-24 17:58:27,449 | INFO | Loading best Stage 2 checkpoint: experiments_split/imdb/split_8/best_model_step2.pt
2026-03-24 17:58:27,735 | INFO | Starting Stage 3: Router training...
2026-03-24 18:08:26,908 | INFO | Loading best Stage 3 checkpoint: experiments_split/imdb/split_8/best_model_step3.pt
2026-03-24 18:08:27,188 | INFO | Running final routing evaluation (forward_with_routing)...
2026-03-24 18:09:36,995 | INFO | Final routing accuracy:     0.9219
2026-03-24 18:09:36,995 | INFO | Final avg keep rate (B):    0.4912
2026-03-24 18:09:36,995 | INFO |   Stage B layer 0: keep_rate=0.5560
2026-03-24 18:09:36,996 | INFO |   Stage B layer 1: keep_rate=0.4368
2026-03-24 18:09:36,996 | INFO |   Stage B layer 2: keep_rate=0.4809
2026-03-24 18:09:36,996 | INFO |   Stage B layer 3: keep_rate=0.4912
2026-03-24 18:09:36,996 | INFO | Running final HDC inference evaluation...
2026-03-24 18:12:42,606 | INFO | HDC inference accuracy:     0.9157
2026-03-24 18:12:42,606 | INFO | Stage A exit rate:          0.4546
2026-03-24 18:12:42,606 | INFO | Avg exit layer (Stage A):   5.90
2026-03-24 18:12:42,606 | INFO | Avg keep rate (Stage B):    0.4943
2026-03-24 18:12:42,606 | INFO | Exit histogram:             {'2': 20, '3': 25, '4': 2596, '5': 852, '6': 3385, '7': 3900, '8': 586, 'final': 13636}
2026-03-24 18:12:42,606 | INFO | Measuring inference latency...
2026-03-24 18:13:17,467 | INFO | Inference speed: 1.3944 ms/sample (acc=0.9234)
2026-03-24 18:13:17,470 | INFO | HDC-BERT experiment completed successfully!
