2026-03-16 20:06:43,186 | INFO | Final args:
2026-03-16 20:06:43,186 | INFO |   config: configs/hdc_agnews.yaml
2026-03-16 20:06:43,186 | INFO |   run_name: run_02
2026-03-16 20:06:43,186 | INFO |   model_key: hdc_bert
2026-03-16 20:06:43,186 | INFO |   dataset: ag_news
2026-03-16 20:06:43,186 | INFO |   batch_size: 32
2026-03-16 20:06:43,186 | INFO |   max_length: 128
2026-03-16 20:06:43,186 | INFO |   model_name: bert-base-uncased
2026-03-16 20:06:43,186 | INFO |   dropout: 0.1
2026-03-16 20:06:43,186 | INFO |   split_layer: 6
2026-03-16 20:06:43,186 | INFO |   tau: 0.5
2026-03-16 20:06:43,186 | INFO |   target_keep_ratio: 0.7
2026-03-16 20:06:43,186 | INFO |   lambda_mod: 0.001
2026-03-16 20:06:43,186 | INFO |   stage1_learning_rate: 2e-05
2026-03-16 20:06:43,186 | INFO |   stage1_epochs: 3
2026-03-16 20:06:43,186 | INFO |   stage2_learning_rate: 0.001
2026-03-16 20:06:43,186 | INFO |   stage2_epochs: 5
2026-03-16 20:06:43,186 | INFO |   stage3_learning_rate: 0.001
2026-03-16 20:06:43,186 | INFO |   stage3_epochs: 5
2026-03-16 20:06:43,187 | INFO |   entropy_threshold: 0.2
2026-03-16 20:06:43,187 | INFO |   eval_early_exit: True
2026-03-16 20:06:43,187 | INFO |   seed: 123
2026-03-16 20:06:43,187 | INFO |   output_root: ./experiments/hdc/agnews
2026-03-16 20:06:43,187 | INFO |   resume_step1_ckpt: ./experiments/hdc/agnews/run_01/best_model_step1.pt
2026-03-16 20:06:43,187 | INFO |   resume_step2_ckpt: None
2026-03-16 20:06:43,187 | INFO |   output_dir: experiments/hdc/agnews/run_02
2026-03-16 20:06:43,187 | INFO | Using device: cuda
2026-03-16 20:06:43,187 | INFO | Loading data (train/test)...
2026-03-16 20:07:21,568 | INFO | Train batches: 3750, Test batches: 238
2026-03-16 20:07:21,568 | INFO | Data loaded. num_labels=4
2026-03-16 20:07:21,568 | INFO | Initializing HDC-BERT model...
2026-03-16 20:07:22,348 | INFO | Total parameters: 109,508,386
2026-03-16 20:07:22,348 | INFO | Off-ramp parameters: 18,456 (0.0169%)
2026-03-16 20:07:22,348 | INFO | Router parameters: 4,614 (0.0042%)
2026-03-16 20:07:22,349 | INFO | Stage A layers: 0..5 (6 layers)
2026-03-16 20:07:22,349 | INFO | Stage B layers: 6..11 (6 layers)
2026-03-16 20:07:22,349 | INFO | Loading Stage 1 checkpoint from: ./experiments/hdc/agnews/run_01/best_model_step1.pt
2026-03-16 20:07:22,728 | INFO | Starting Stage 2: Off-ramp training...
2026-03-16 20:18:11,963 | INFO | Loading best Stage 2 checkpoint: experiments/hdc/agnews/run_02/best_model_step2.pt
2026-03-16 20:18:12,293 | INFO | Starting Stage 3: Router training...
2026-03-16 20:30:34,379 | INFO | Loading best Stage 3 checkpoint: experiments/hdc/agnews/run_02/best_model_step3.pt
2026-03-16 20:30:34,721 | INFO | Running final routing evaluation (forward_with_routing)...
2026-03-16 20:30:52,959 | INFO | Final routing accuracy:     0.9441
2026-03-16 20:30:52,959 | INFO | Final avg keep rate (B):    0.4792
2026-03-16 20:30:52,959 | INFO |   Stage B layer 0: keep_rate=0.4029
2026-03-16 20:30:52,959 | INFO |   Stage B layer 1: keep_rate=0.4400
2026-03-16 20:30:52,959 | INFO |   Stage B layer 2: keep_rate=0.5328
2026-03-16 20:30:52,959 | INFO |   Stage B layer 3: keep_rate=0.5799
2026-03-16 20:30:52,959 | INFO |   Stage B layer 4: keep_rate=0.3906
2026-03-16 20:30:52,959 | INFO |   Stage B layer 5: keep_rate=0.5291
2026-03-16 20:30:52,959 | INFO | Running final HDC inference evaluation...
2026-03-16 20:31:30,878 | INFO | HDC inference accuracy:     0.9403
2026-03-16 20:31:30,879 | INFO | Stage A exit rate:          0.7554
2026-03-16 20:31:30,879 | INFO | Avg exit layer (Stage A):   2.97
2026-03-16 20:31:30,879 | INFO | Avg keep rate (Stage B):    0.5421
2026-03-16 20:31:30,879 | INFO | Exit histogram:             {'1': 244, '2': 2805, '3': 824, '4': 967, '5': 576, '6': 325, 'final': 1859}
2026-03-16 20:31:30,879 | INFO | Measuring inference latency...
2026-03-16 20:31:36,047 | INFO | Inference speed: 0.6799 ms/sample (acc=0.9466)
2026-03-16 20:31:36,050 | INFO | HDC-BERT experiment completed successfully!
