2026-03-15 11:01:34,547 | INFO | Final args:
2026-03-15 11:01:34,547 | INFO | config: configs/router_tuning_agnews.yaml
2026-03-15 11:01:34,547 | INFO | run_name: run_02
2026-03-15 11:01:34,548 | INFO | model_key: router_tuning
2026-03-15 11:01:34,548 | INFO | dataset: ag_news
2026-03-15 11:01:34,548 | INFO | batch_size: 32
2026-03-15 11:01:34,548 | INFO | max_length: 128
2026-03-15 11:01:34,548 | INFO | model_name: bert-base-uncased
2026-03-15 11:01:34,548 | INFO | dropout: 0.1
2026-03-15 11:01:34,548 | INFO | stage1_learning_rate: 2e-05
2026-03-15 11:01:34,548 | INFO | stage1_epochs: 3
2026-03-15 11:01:34,548 | INFO | stage2_learning_rate: 0.001
2026-03-15 11:01:34,548 | INFO | stage2_epochs: 5
2026-03-15 11:01:34,548 | INFO | grad_clip_norm: 1.0
2026-03-15 11:01:34,548 | INFO | routing_mode: token
2026-03-15 11:01:34,548 | INFO | tau: 0.5
2026-03-15 11:01:34,548 | INFO | lambda_mod: 0.001
2026-03-15 11:01:34,548 | INFO | target_keep_ratio: 0.7
2026-03-15 11:01:34,548 | INFO | routed_layers: None
2026-03-15 11:01:34,548 | INFO | seed: 123
2026-03-15 11:01:34,548 | INFO | output_root: ./experiments/router_tuning/agnews
2026-03-15 11:01:34,548 | INFO | resume_step1_ckpt: ./experiments/router_tuning/agnews/run_01/best_model_step1.pt
2026-03-15 11:01:34,548 | INFO | output_dir: experiments/router_tuning/agnews/run_02
2026-03-15 11:01:34,548 | INFO | Using device: cuda
2026-03-15 11:01:34,548 | INFO | Loading data (train/test)...
2026-03-15 11:01:44,550 | INFO | Train batches: 3750, Test batches: 238
2026-03-15 11:01:44,551 | INFO | Data loaded. num_labels=4
2026-03-15 11:01:44,854 | INFO | Routed layers: all
2026-03-15 11:01:44,854 | INFO | Initializing Router-Tuning BERT model...
2026-03-15 11:01:45,602 | INFO | Total parameters:    109,494,544
2026-03-15 11:01:45,602 | INFO | Router parameters:   9,228 (0.0084%)
2026-03-15 11:01:45,602 | INFO | Backbone parameters: 109,485,316
2026-03-15 11:01:45,602 | INFO | Loading Step1 checkpoint from: ./experiments/router_tuning/agnews/run_01/best_model_step1.pt
2026-03-15 11:01:45,962 | INFO | Starting Step2 training (freeze backbone，only training router)...
2026-03-15 11:19:30,976 | INFO | Loading best Step2 checkpoint: experiments/router_tuning/agnews/run_02/best_model_step2.pt
2026-03-15 11:19:31,305 | INFO | Running final evaluation for report metrics...
2026-03-15 11:20:02,176 | INFO | Final test accuracy:       0.9200
2026-03-15 11:20:02,176 | INFO | Final avg keep rate (eval): 0.6062
2026-03-15 11:20:02,176 | INFO |   Layer  0 keep_rate: 0.6737
2026-03-15 11:20:02,176 | INFO |   Layer  1 keep_rate: 0.6230
2026-03-15 11:20:02,176 | INFO |   Layer  2 keep_rate: 0.6016
2026-03-15 11:20:02,176 | INFO |   Layer  3 keep_rate: 0.5825
2026-03-15 11:20:02,176 | INFO |   Layer  4 keep_rate: 0.6488
2026-03-15 11:20:02,176 | INFO |   Layer  5 keep_rate: 0.6590
2026-03-15 11:20:02,176 | INFO |   Layer  6 keep_rate: 0.6058
2026-03-15 11:20:02,176 | INFO |   Layer  7 keep_rate: 0.6162
2026-03-15 11:20:02,176 | INFO |   Layer  8 keep_rate: 0.6143
2026-03-15 11:20:02,176 | INFO |   Layer  9 keep_rate: 0.6014
2026-03-15 11:20:02,176 | INFO |   Layer 10 keep_rate: 0.6182
2026-03-15 11:20:02,176 | INFO |   Layer 11 keep_rate: 0.4295
2026-03-15 11:20:02,177 | INFO | Router-Tuning experiment completed successfully!
