2026-03-15 03:19:51,691 | INFO | Final args:
2026-03-15 03:19:51,691 | INFO | config: configs/deebert_imdb.yaml
2026-03-15 03:19:51,691 | INFO | run_name: run_02
2026-03-15 03:19:51,691 | INFO | model_key: deebert
2026-03-15 03:19:51,691 | INFO | dataset: imdb
2026-03-15 03:19:51,691 | INFO | batch_size: 32
2026-03-15 03:19:51,691 | INFO | max_length: 256
2026-03-15 03:19:51,691 | INFO | model_name: bert-base-uncased
2026-03-15 03:19:51,691 | INFO | dropout: 0.1
2026-03-15 03:19:51,691 | INFO | stage1_learning_rate: 2e-05
2026-03-15 03:19:51,691 | INFO | stage1_epochs: 3
2026-03-15 03:19:51,691 | INFO | stage2_learning_rate: 0.001
2026-03-15 03:19:51,691 | INFO | stage2_epochs: 5
2026-03-15 03:19:51,691 | INFO | grad_clip_norm: 1.0
2026-03-15 03:19:51,691 | INFO | entropy_threshold: 0.2
2026-03-15 03:19:51,691 | INFO | early_exit_fn: forward_early_exit_batchwise
2026-03-15 03:19:51,691 | INFO | eval_early_exit: True
2026-03-15 03:19:51,691 | INFO | seed: 123
2026-03-15 03:19:51,691 | INFO | output_root: ./experiments/deebert/imdb
2026-03-15 03:19:51,692 | INFO | resume_step1_ckpt: ./experiments/deebert/imdb/run_01/best_model_step1.pt
2026-03-15 03:19:51,692 | INFO | output_dir: experiments/deebert/imdb/run_02
2026-03-15 03:19:51,692 | INFO | Using device: cuda
2026-03-15 03:19:51,692 | INFO | Loading data (train/test)...
2026-03-15 03:20:06,401 | INFO | Train batches: 782, Test batches: 782
2026-03-15 03:20:06,401 | INFO | Data loaded. num_labels=2
2026-03-15 03:20:06,401 | INFO | Building early-exit test loader (batch_size=1)...
2026-03-15 03:20:11,703 | INFO | Early-exit test loader batches: 25000
2026-03-15 03:20:11,704 | INFO | Initializing DeeBERT model...
2026-03-15 03:20:12,562 | INFO | Model parameters: 109,500,696
2026-03-15 03:20:12,562 | INFO | Loading Step1 checkpoint from: ./experiments/deebert/imdb/run_01/best_model_step1.pt
2026-03-15 03:20:12,986 | INFO | Starting Step2 training (train off-ramps)...
2026-03-15 03:39:13,905 | INFO | DeeBERT experiment completed successfully!
