2026-03-16 09:14:00,936 | INFO | Final args:
2026-03-16 09:14:00,936 | INFO | config: configs/router_tuning_imdb.yaml
2026-03-16 09:14:00,936 | INFO | run_name: keep_0.9
2026-03-16 09:14:00,936 | INFO | model_key: router_tuning
2026-03-16 09:14:00,937 | INFO | dataset: imdb
2026-03-16 09:14:00,937 | INFO | batch_size: 32
2026-03-16 09:14:00,937 | INFO | max_length: 256
2026-03-16 09:14:00,937 | INFO | model_name: bert-base-uncased
2026-03-16 09:14:00,937 | INFO | dropout: 0.1
2026-03-16 09:14:00,937 | INFO | stage1_learning_rate: 2e-05
2026-03-16 09:14:00,937 | INFO | stage1_epochs: 3
2026-03-16 09:14:00,937 | INFO | stage2_learning_rate: 0.001
2026-03-16 09:14:00,937 | INFO | stage2_epochs: 5
2026-03-16 09:14:00,937 | INFO | grad_clip_norm: 1.0
2026-03-16 09:14:00,937 | INFO | routing_mode: token
2026-03-16 09:14:00,937 | INFO | tau: 0.5
2026-03-16 09:14:00,937 | INFO | lambda_mod: 0.001
2026-03-16 09:14:00,937 | INFO | target_keep_ratio: 0.9
2026-03-16 09:14:00,937 | INFO | routed_layers: None
2026-03-16 09:14:00,937 | INFO | seed: 42
2026-03-16 09:14:00,937 | INFO | output_root: ./experiments_pareto/routerbert/imdb
2026-03-16 09:14:00,937 | INFO | resume_step1_ckpt: ./experiments_pareto/routerbert/imdb/shared_step1.pt
2026-03-16 09:14:00,937 | INFO | output_dir: experiments_pareto/routerbert/imdb/keep_0.9
2026-03-16 09:14:00,937 | INFO | Using device: cuda
2026-03-16 09:14:00,937 | INFO | Loading data (train/test)...
2026-03-16 09:14:07,797 | INFO | Train batches: 782, Test batches: 782
2026-03-16 09:14:07,797 | INFO | Data loaded. num_labels=2
2026-03-16 09:14:08,100 | INFO | Routed layers: all
2026-03-16 09:14:08,100 | INFO | Initializing Router-Tuning BERT model...
2026-03-16 09:14:08,945 | INFO | Total parameters:    109,493,006
2026-03-16 09:14:08,945 | INFO | Router parameters:   9,228 (0.0084%)
2026-03-16 09:14:08,945 | INFO | Backbone parameters: 109,483,778
2026-03-16 09:14:08,945 | INFO | Loading Step1 checkpoint from: ./experiments_pareto/routerbert/imdb/shared_step1.pt
2026-03-16 09:14:09,329 | INFO | Starting Step2 training (freeze backbone，only training router)...
2026-03-16 09:30:24,419 | INFO | Loading best Step2 checkpoint: experiments_pareto/routerbert/imdb/keep_0.9/best_model_step2.pt
2026-03-16 09:30:24,637 | INFO | Running final evaluation for report metrics...
2026-03-16 09:32:20,482 | INFO | Final test accuracy:       0.9195
2026-03-16 09:32:20,483 | INFO | Final avg keep rate (eval): 0.8575
2026-03-16 09:32:20,483 | INFO |   Layer  0 keep_rate: 0.8810
2026-03-16 09:32:20,483 | INFO |   Layer  1 keep_rate: 0.8760
2026-03-16 09:32:20,483 | INFO |   Layer  2 keep_rate: 0.8674
2026-03-16 09:32:20,483 | INFO |   Layer  3 keep_rate: 0.8781
2026-03-16 09:32:20,483 | INFO |   Layer  4 keep_rate: 0.8653
2026-03-16 09:32:20,483 | INFO |   Layer  5 keep_rate: 0.8893
2026-03-16 09:32:20,483 | INFO |   Layer  6 keep_rate: 0.8612
2026-03-16 09:32:20,483 | INFO |   Layer  7 keep_rate: 0.8761
2026-03-16 09:32:20,483 | INFO |   Layer  8 keep_rate: 0.8564
2026-03-16 09:32:20,483 | INFO |   Layer  9 keep_rate: 0.8622
2026-03-16 09:32:20,483 | INFO |   Layer 10 keep_rate: 0.8226
2026-03-16 09:32:20,483 | INFO |   Layer 11 keep_rate: 0.7547
2026-03-16 09:32:20,484 | INFO | Router-Tuning experiment completed successfully!
