2026-03-25 04:49:18,297 | INFO | Final args:
2026-03-25 04:49:18,297 | INFO |   config: configs/hdc_agnews.yaml
2026-03-25 04:49:18,297 | INFO |   run_name: keep_0.7
2026-03-25 04:49:18,297 | INFO |   model_key: hdc_bert
2026-03-25 04:49:18,297 | INFO |   dataset: ag_news
2026-03-25 04:49:18,297 | INFO |   batch_size: 32
2026-03-25 04:49:18,297 | INFO |   max_length: 128
2026-03-25 04:49:18,297 | INFO |   model_name: bert-base-uncased
2026-03-25 04:49:18,298 | INFO |   dropout: 0.1
2026-03-25 04:49:18,298 | INFO |   split_layer: 6
2026-03-25 04:49:18,298 | INFO |   tau: 0.5
2026-03-25 04:49:18,298 | INFO |   target_keep_ratio: 0.7
2026-03-25 04:49:18,298 | INFO |   lambda_mod: 0.001
2026-03-25 04:49:18,298 | INFO |   stage1_learning_rate: 2e-05
2026-03-25 04:49:18,298 | INFO |   stage1_epochs: 3
2026-03-25 04:49:18,298 | INFO |   stage2_learning_rate: 0.001
2026-03-25 04:49:18,298 | INFO |   stage2_epochs: 5
2026-03-25 04:49:18,298 | INFO |   stage3_learning_rate: 0.001
2026-03-25 04:49:18,298 | INFO |   stage3_epochs: 5
2026-03-25 04:49:18,298 | INFO |   entropy_threshold: 0.2
2026-03-25 04:49:18,298 | INFO |   eval_early_exit: True
2026-03-25 04:49:18,298 | INFO |   seed: 42
2026-03-25 04:49:18,298 | INFO |   output_root: ./experiments_pareto/hdcbert/agnews
2026-03-25 04:49:18,298 | INFO |   resume_step1_ckpt: ./experiments_pareto/hdcbert/agnews/shared_step1.pt
2026-03-25 04:49:18,298 | INFO |   resume_step2_ckpt: ./experiments_pareto/hdcbert/agnews/shared_step2.pt
2026-03-25 04:49:18,298 | INFO |   output_dir: experiments_pareto/hdcbert/agnews/keep_0.7
2026-03-25 04:49:18,298 | INFO | Using device: cuda
2026-03-25 04:49:18,298 | INFO | Loading data (train/test)...
2026-03-25 04:49:34,128 | INFO | Train batches: 3750, Test batches: 238
2026-03-25 04:49:34,129 | INFO | Data loaded. num_labels=4
2026-03-25 04:49:34,129 | INFO | Initializing HDC-BERT model...
2026-03-25 04:49:34,887 | INFO | Total parameters: 109,508,386
2026-03-25 04:49:34,887 | INFO | Off-ramp parameters: 18,456 (0.0169%)
2026-03-25 04:49:34,887 | INFO | Router parameters: 4,614 (0.0042%)
2026-03-25 04:49:34,887 | INFO | Stage A layers: 0..5 (6 layers)
2026-03-25 04:49:34,887 | INFO | Stage B layers: 6..11 (6 layers)
2026-03-25 04:49:34,887 | INFO | Loading Stage 1 checkpoint from: ./experiments_pareto/hdcbert/agnews/shared_step1.pt
2026-03-25 04:49:35,197 | INFO | Loading Stage 2 checkpoint from: ./experiments_pareto/hdcbert/agnews/shared_step2.pt
2026-03-25 04:49:35,518 | INFO | Starting Stage 3: Router training...
2026-03-25 05:03:40,342 | INFO | Loading best Stage 3 checkpoint: experiments_pareto/hdcbert/agnews/keep_0.7/best_model_step3.pt
2026-03-25 05:03:40,634 | INFO | Running final routing evaluation (forward_with_routing)...
2026-03-25 05:04:04,311 | INFO | Final routing accuracy:     0.9429
2026-03-25 05:04:04,311 | INFO | Final avg keep rate (B):    0.4671
2026-03-25 05:04:04,311 | INFO |   Stage B layer 0: keep_rate=0.4255
2026-03-25 05:04:04,311 | INFO |   Stage B layer 1: keep_rate=0.4615
2026-03-25 05:04:04,311 | INFO |   Stage B layer 2: keep_rate=0.4201
2026-03-25 05:04:04,311 | INFO |   Stage B layer 3: keep_rate=0.5752
2026-03-25 05:04:04,311 | INFO |   Stage B layer 4: keep_rate=0.5760
2026-03-25 05:04:04,311 | INFO |   Stage B layer 5: keep_rate=0.3443
2026-03-25 05:04:04,311 | INFO | Running final HDC inference evaluation...
2026-03-25 05:04:42,021 | INFO | HDC inference accuracy:     0.9396
2026-03-25 05:04:42,021 | INFO | Stage A exit rate:          0.7814
2026-03-25 05:04:42,021 | INFO | Avg exit layer (Stage A):   2.84
2026-03-25 05:04:42,021 | INFO | Avg keep rate (Stage B):    0.5508
2026-03-25 05:04:42,021 | INFO | Exit histogram:             {'1': 399, '2': 2932, '3': 858, '4': 971, '5': 516, '6': 263, 'final': 1661}
2026-03-25 05:04:42,021 | INFO | Measuring inference latency...
2026-03-25 05:04:47,304 | INFO | Inference speed: 0.6949 ms/sample (acc=0.9466)
2026-03-25 05:04:47,306 | INFO | HDC-BERT experiment completed successfully!
