2026-03-16 04:43:24,859 | INFO | Final args:
2026-03-16 04:43:24,859 | INFO | config: configs/router_tuning_agnews.yaml
2026-03-16 04:43:24,859 | INFO | run_name: keep_0.4
2026-03-16 04:43:24,860 | INFO | model_key: router_tuning
2026-03-16 04:43:24,860 | INFO | dataset: ag_news
2026-03-16 04:43:24,860 | INFO | batch_size: 32
2026-03-16 04:43:24,860 | INFO | max_length: 128
2026-03-16 04:43:24,860 | INFO | model_name: bert-base-uncased
2026-03-16 04:43:24,860 | INFO | dropout: 0.1
2026-03-16 04:43:24,860 | INFO | stage1_learning_rate: 2e-05
2026-03-16 04:43:24,860 | INFO | stage1_epochs: 3
2026-03-16 04:43:24,860 | INFO | stage2_learning_rate: 0.001
2026-03-16 04:43:24,860 | INFO | stage2_epochs: 5
2026-03-16 04:43:24,860 | INFO | grad_clip_norm: 1.0
2026-03-16 04:43:24,860 | INFO | routing_mode: token
2026-03-16 04:43:24,860 | INFO | tau: 0.5
2026-03-16 04:43:24,860 | INFO | lambda_mod: 0.001
2026-03-16 04:43:24,860 | INFO | target_keep_ratio: 0.4
2026-03-16 04:43:24,860 | INFO | routed_layers: None
2026-03-16 04:43:24,860 | INFO | seed: 42
2026-03-16 04:43:24,860 | INFO | output_root: ./experiments_pareto/routerbert/agnews
2026-03-16 04:43:24,860 | INFO | resume_step1_ckpt: ./experiments_pareto/routerbert/agnews/shared_step1.pt
2026-03-16 04:43:24,860 | INFO | output_dir: experiments_pareto/routerbert/agnews/keep_0.4
2026-03-16 04:43:24,860 | INFO | Using device: cuda
2026-03-16 04:43:24,860 | INFO | Loading data (train/test)...
2026-03-16 04:43:31,547 | INFO | Train batches: 3750, Test batches: 238
2026-03-16 04:43:31,547 | INFO | Data loaded. num_labels=4
2026-03-16 04:43:31,777 | INFO | Routed layers: all
2026-03-16 04:43:31,777 | INFO | Initializing Router-Tuning BERT model...
2026-03-16 04:43:32,587 | INFO | Total parameters:    109,494,544
2026-03-16 04:43:32,588 | INFO | Router parameters:   9,228 (0.0084%)
2026-03-16 04:43:32,588 | INFO | Backbone parameters: 109,485,316
2026-03-16 04:43:32,588 | INFO | Loading Step1 checkpoint from: ./experiments_pareto/routerbert/agnews/shared_step1.pt
2026-03-16 04:43:33,007 | INFO | Starting Step2 training (freeze backbone，only training router)...
2026-03-16 05:01:22,113 | INFO | Loading best Step2 checkpoint: experiments_pareto/routerbert/agnews/keep_0.4/best_model_step2.pt
2026-03-16 05:01:22,436 | INFO | Running final evaluation for report metrics...
2026-03-16 05:01:55,129 | INFO | Final test accuracy:       0.8914
2026-03-16 05:01:55,129 | INFO | Final avg keep rate (eval): 0.2758
2026-03-16 05:01:55,129 | INFO |   Layer  0 keep_rate: 0.3743
2026-03-16 05:01:55,129 | INFO |   Layer  1 keep_rate: 0.2406
2026-03-16 05:01:55,129 | INFO |   Layer  2 keep_rate: 0.2682
2026-03-16 05:01:55,129 | INFO |   Layer  3 keep_rate: 0.2159
2026-03-16 05:01:55,129 | INFO |   Layer  4 keep_rate: 0.3062
2026-03-16 05:01:55,129 | INFO |   Layer  5 keep_rate: 0.3138
2026-03-16 05:01:55,129 | INFO |   Layer  6 keep_rate: 0.2132
2026-03-16 05:01:55,129 | INFO |   Layer  7 keep_rate: 0.2902
2026-03-16 05:01:55,130 | INFO |   Layer  8 keep_rate: 0.2577
2026-03-16 05:01:55,130 | INFO |   Layer  9 keep_rate: 0.2696
2026-03-16 05:01:55,130 | INFO |   Layer 10 keep_rate: 0.3258
2026-03-16 05:01:55,130 | INFO |   Layer 11 keep_rate: 0.2337
2026-03-16 05:01:55,131 | INFO | Router-Tuning experiment completed successfully!
