2026-03-17 04:47:02,010 | INFO | Final args:
2026-03-17 04:47:02,010 | INFO |   config: configs/hdc_imdb.yaml
2026-03-17 04:47:02,010 | INFO |   run_name: split_4
2026-03-17 04:47:02,011 | INFO |   model_key: hdc_bert
2026-03-17 04:47:02,011 | INFO |   dataset: imdb
2026-03-17 04:47:02,011 | INFO |   batch_size: 32
2026-03-17 04:47:02,011 | INFO |   max_length: 256
2026-03-17 04:47:02,011 | INFO |   model_name: bert-base-uncased
2026-03-17 04:47:02,011 | INFO |   dropout: 0.1
2026-03-17 04:47:02,011 | INFO |   split_layer: 4
2026-03-17 04:47:02,011 | INFO |   tau: 0.5
2026-03-17 04:47:02,011 | INFO |   target_keep_ratio: 0.7
2026-03-17 04:47:02,011 | INFO |   lambda_mod: 0.001
2026-03-17 04:47:02,011 | INFO |   stage1_learning_rate: 2e-05
2026-03-17 04:47:02,011 | INFO |   stage1_epochs: 3
2026-03-17 04:47:02,011 | INFO |   stage2_learning_rate: 0.001
2026-03-17 04:47:02,011 | INFO |   stage2_epochs: 5
2026-03-17 04:47:02,011 | INFO |   stage3_learning_rate: 0.001
2026-03-17 04:47:02,011 | INFO |   stage3_epochs: 5
2026-03-17 04:47:02,011 | INFO |   entropy_threshold: 0.2
2026-03-17 04:47:02,011 | INFO |   eval_early_exit: True
2026-03-17 04:47:02,011 | INFO |   seed: 42
2026-03-17 04:47:02,011 | INFO |   output_root: ./experiments_split/imdb
2026-03-17 04:47:02,011 | INFO |   resume_step1_ckpt: ./experiments_split/imdb/shared_step1.pt
2026-03-17 04:47:02,011 | INFO |   resume_step2_ckpt: None
2026-03-17 04:47:02,011 | INFO |   output_dir: experiments_split/imdb/split_4
2026-03-17 04:47:02,011 | INFO | Using device: cuda
2026-03-17 04:47:02,011 | INFO | Loading data (train/test)...
2026-03-17 04:47:11,627 | INFO | Train batches: 782, Test batches: 782
2026-03-17 04:47:11,627 | INFO | Data loaded. num_labels=2
2026-03-17 04:47:11,627 | INFO | Initializing HDC-BERT model...
2026-03-17 04:47:12,452 | INFO | Total parameters: 109,496,082
2026-03-17 04:47:12,453 | INFO | Off-ramp parameters: 6,152 (0.0056%)
2026-03-17 04:47:12,453 | INFO | Router parameters: 6,152 (0.0056%)
2026-03-17 04:47:12,453 | INFO | Stage A layers: 0..3 (4 layers)
2026-03-17 04:47:12,453 | INFO | Stage B layers: 4..11 (8 layers)
2026-03-17 04:47:12,453 | INFO | Loading Stage 1 checkpoint from: ./experiments_split/imdb/shared_step1.pt
2026-03-17 04:47:12,896 | INFO | Starting Stage 2: Off-ramp training...
2026-03-17 05:13:07,554 | INFO | Loading best Stage 2 checkpoint: experiments_split/imdb/split_4/best_model_step2.pt
2026-03-17 05:13:07,908 | INFO | Starting Stage 3: Router training...
2026-03-17 05:25:38,020 | INFO | Loading best Stage 3 checkpoint: experiments_split/imdb/split_4/best_model_step3.pt
2026-03-17 05:25:38,254 | INFO | Running final routing evaluation (forward_with_routing)...
2026-03-17 05:27:05,488 | INFO | Final routing accuracy:     0.9186
2026-03-17 05:27:05,488 | INFO | Final avg keep rate (B):    0.5846
2026-03-17 05:27:05,488 | INFO |   Stage B layer 0: keep_rate=0.6412
2026-03-17 05:27:05,488 | INFO |   Stage B layer 1: keep_rate=0.5521
2026-03-17 05:27:05,488 | INFO |   Stage B layer 2: keep_rate=0.6807
2026-03-17 05:27:05,488 | INFO |   Stage B layer 3: keep_rate=0.6291
2026-03-17 05:27:05,488 | INFO |   Stage B layer 4: keep_rate=0.5793
2026-03-17 05:27:05,488 | INFO |   Stage B layer 5: keep_rate=0.5329
2026-03-17 05:27:05,488 | INFO |   Stage B layer 6: keep_rate=0.6241
2026-03-17 05:27:05,488 | INFO |   Stage B layer 7: keep_rate=0.4379
2026-03-17 05:27:05,489 | INFO | Running final HDC inference evaluation...
2026-03-17 05:31:09,692 | INFO | HDC inference accuracy:     0.9186
2026-03-17 05:31:09,692 | INFO | Stage A exit rate:          0.0533
2026-03-17 05:31:09,692 | INFO | Avg exit layer (Stage A):   3.94
2026-03-17 05:31:09,692 | INFO | Avg keep rate (Stage B):    0.5904
2026-03-17 05:31:09,692 | INFO | Exit histogram:             {'2': 13, '3': 50, '4': 1269, 'final': 23668}
2026-03-17 05:31:09,692 | INFO | Measuring inference latency...
2026-03-17 05:31:44,031 | INFO | Inference speed: 1.3735 ms/sample (acc=0.9234)
2026-03-17 05:31:44,034 | INFO | HDC-BERT experiment completed successfully!
