2026-03-16 06:20:43,856 | INFO | Final args:
2026-03-16 06:20:43,856 | INFO | config: configs/router_tuning_agnews.yaml
2026-03-16 06:20:43,856 | INFO | run_name: keep_0.9
2026-03-16 06:20:43,856 | INFO | model_key: router_tuning
2026-03-16 06:20:43,856 | INFO | dataset: ag_news
2026-03-16 06:20:43,856 | INFO | batch_size: 32
2026-03-16 06:20:43,856 | INFO | max_length: 128
2026-03-16 06:20:43,856 | INFO | model_name: bert-base-uncased
2026-03-16 06:20:43,856 | INFO | dropout: 0.1
2026-03-16 06:20:43,856 | INFO | stage1_learning_rate: 2e-05
2026-03-16 06:20:43,856 | INFO | stage1_epochs: 3
2026-03-16 06:20:43,856 | INFO | stage2_learning_rate: 0.001
2026-03-16 06:20:43,856 | INFO | stage2_epochs: 5
2026-03-16 06:20:43,856 | INFO | grad_clip_norm: 1.0
2026-03-16 06:20:43,856 | INFO | routing_mode: token
2026-03-16 06:20:43,856 | INFO | tau: 0.5
2026-03-16 06:20:43,856 | INFO | lambda_mod: 0.001
2026-03-16 06:20:43,856 | INFO | target_keep_ratio: 0.9
2026-03-16 06:20:43,856 | INFO | routed_layers: None
2026-03-16 06:20:43,856 | INFO | seed: 42
2026-03-16 06:20:43,856 | INFO | output_root: ./experiments_pareto/routerbert/agnews
2026-03-16 06:20:43,857 | INFO | resume_step1_ckpt: ./experiments_pareto/routerbert/agnews/shared_step1.pt
2026-03-16 06:20:43,857 | INFO | output_dir: experiments_pareto/routerbert/agnews/keep_0.9
2026-03-16 06:20:43,857 | INFO | Using device: cuda
2026-03-16 06:20:43,857 | INFO | Loading data (train/test)...
2026-03-16 06:20:50,978 | INFO | Train batches: 3750, Test batches: 238
2026-03-16 06:20:50,978 | INFO | Data loaded. num_labels=4
2026-03-16 06:20:51,272 | INFO | Routed layers: all
2026-03-16 06:20:51,272 | INFO | Initializing Router-Tuning BERT model...
2026-03-16 06:20:51,973 | INFO | Total parameters:    109,494,544
2026-03-16 06:20:51,973 | INFO | Router parameters:   9,228 (0.0084%)
2026-03-16 06:20:51,973 | INFO | Backbone parameters: 109,485,316
2026-03-16 06:20:51,973 | INFO | Loading Step1 checkpoint from: ./experiments_pareto/routerbert/agnews/shared_step1.pt
2026-03-16 06:20:52,325 | INFO | Starting Step2 training (freeze backbone，only training router)...
2026-03-16 06:38:41,980 | INFO | Loading best Step2 checkpoint: experiments_pareto/routerbert/agnews/keep_0.9/best_model_step2.pt
2026-03-16 06:38:42,284 | INFO | Running final evaluation for report metrics...
2026-03-16 06:39:13,350 | INFO | Final test accuracy:       0.9428
2026-03-16 06:39:13,350 | INFO | Final avg keep rate (eval): 0.8176
2026-03-16 06:39:13,350 | INFO |   Layer  0 keep_rate: 0.8699
2026-03-16 06:39:13,350 | INFO |   Layer  1 keep_rate: 0.8180
2026-03-16 06:39:13,350 | INFO |   Layer  2 keep_rate: 0.8339
2026-03-16 06:39:13,351 | INFO |   Layer  3 keep_rate: 0.7996
2026-03-16 06:39:13,351 | INFO |   Layer  4 keep_rate: 0.8628
2026-03-16 06:39:13,351 | INFO |   Layer  5 keep_rate: 0.8663
2026-03-16 06:39:13,351 | INFO |   Layer  6 keep_rate: 0.8367
2026-03-16 06:39:13,351 | INFO |   Layer  7 keep_rate: 0.8595
2026-03-16 06:39:13,351 | INFO |   Layer  8 keep_rate: 0.8623
2026-03-16 06:39:13,351 | INFO |   Layer  9 keep_rate: 0.8771
2026-03-16 06:39:13,351 | INFO |   Layer 10 keep_rate: 0.7479
2026-03-16 06:39:13,351 | INFO |   Layer 11 keep_rate: 0.5770
2026-03-16 06:39:13,352 | INFO | Router-Tuning experiment completed successfully!
