2026-03-17 06:51:02,918 | INFO | Final args:
2026-03-17 06:51:02,918 | INFO |   config: configs/hdc_imdb.yaml
2026-03-17 06:51:02,918 | INFO |   run_name: split_10
2026-03-17 06:51:02,918 | INFO |   model_key: hdc_bert
2026-03-17 06:51:02,918 | INFO |   dataset: imdb
2026-03-17 06:51:02,918 | INFO |   batch_size: 32
2026-03-17 06:51:02,918 | INFO |   max_length: 256
2026-03-17 06:51:02,918 | INFO |   model_name: bert-base-uncased
2026-03-17 06:51:02,918 | INFO |   dropout: 0.1
2026-03-17 06:51:02,918 | INFO |   split_layer: 10
2026-03-17 06:51:02,918 | INFO |   tau: 0.5
2026-03-17 06:51:02,918 | INFO |   target_keep_ratio: 0.7
2026-03-17 06:51:02,918 | INFO |   lambda_mod: 0.001
2026-03-17 06:51:02,918 | INFO |   stage1_learning_rate: 2e-05
2026-03-17 06:51:02,918 | INFO |   stage1_epochs: 3
2026-03-17 06:51:02,918 | INFO |   stage2_learning_rate: 0.001
2026-03-17 06:51:02,918 | INFO |   stage2_epochs: 5
2026-03-17 06:51:02,918 | INFO |   stage3_learning_rate: 0.001
2026-03-17 06:51:02,918 | INFO |   stage3_epochs: 5
2026-03-17 06:51:02,918 | INFO |   entropy_threshold: 0.2
2026-03-17 06:51:02,918 | INFO |   eval_early_exit: True
2026-03-17 06:51:02,919 | INFO |   seed: 42
2026-03-17 06:51:02,919 | INFO |   output_root: ./experiments_split/imdb
2026-03-17 06:51:02,919 | INFO |   resume_step1_ckpt: ./experiments_split/imdb/shared_step1.pt
2026-03-17 06:51:02,919 | INFO |   resume_step2_ckpt: None
2026-03-17 06:51:02,919 | INFO |   output_dir: experiments_split/imdb/split_10
2026-03-17 06:51:02,919 | INFO | Using device: cuda
2026-03-17 06:51:02,919 | INFO | Loading data (train/test)...
2026-03-17 06:51:12,882 | INFO | Train batches: 782, Test batches: 782
2026-03-17 06:51:12,882 | INFO | Data loaded. num_labels=2
2026-03-17 06:51:12,882 | INFO | Initializing HDC-BERT model...
2026-03-17 06:51:13,719 | INFO | Total parameters: 109,500,696
2026-03-17 06:51:13,719 | INFO | Off-ramp parameters: 15,380 (0.0140%)
2026-03-17 06:51:13,719 | INFO | Router parameters: 1,538 (0.0014%)
2026-03-17 06:51:13,719 | INFO | Stage A layers: 0..9 (10 layers)
2026-03-17 06:51:13,719 | INFO | Stage B layers: 10..11 (2 layers)
2026-03-17 06:51:13,719 | INFO | Loading Stage 1 checkpoint from: ./experiments_split/imdb/shared_step1.pt
2026-03-17 06:51:14,149 | INFO | Starting Stage 2: Off-ramp training...
2026-03-17 07:10:48,510 | INFO | Loading best Stage 2 checkpoint: experiments_split/imdb/split_10/best_model_step2.pt
2026-03-17 07:10:48,883 | INFO | Starting Stage 3: Router training...
2026-03-17 07:18:12,518 | INFO | Loading best Stage 3 checkpoint: experiments_split/imdb/split_10/best_model_step3.pt
2026-03-17 07:18:12,847 | INFO | Running final routing evaluation (forward_with_routing)...
2026-03-17 07:19:00,497 | INFO | Final routing accuracy:     0.9236
2026-03-17 07:19:00,497 | INFO | Final avg keep rate (B):    0.4685
2026-03-17 07:19:00,497 | INFO |   Stage B layer 0: keep_rate=0.4355
2026-03-17 07:19:00,497 | INFO |   Stage B layer 1: keep_rate=0.5014
2026-03-17 07:19:00,497 | INFO | Running final HDC inference evaluation...
2026-03-17 07:21:48,818 | INFO | HDC inference accuracy:     0.9222
2026-03-17 07:21:48,818 | INFO | Stage A exit rate:          0.8000
2026-03-17 07:21:48,818 | INFO | Avg exit layer (Stage A):   8.80
2026-03-17 07:21:48,818 | INFO | Avg keep rate (Stage B):    0.4567
2026-03-17 07:21:48,818 | INFO | Exit histogram:             {'10': 6931, '4': 272, '5': 97, '6': 1401, '7': 2321, '8': 247, '9': 8732, 'final': 4999}
2026-03-17 07:21:48,818 | INFO | Measuring inference latency...
2026-03-17 07:22:23,135 | INFO | Inference speed: 1.3726 ms/sample (acc=0.9234)
2026-03-17 07:22:23,138 | INFO | HDC-BERT experiment completed successfully!
