2026-03-17 03:20:47,331 | INFO | Final args:
2026-03-17 03:20:47,331 | INFO |   config: configs/hdc_agnews.yaml
2026-03-17 03:20:47,331 | INFO |   run_name: split_10
2026-03-17 03:20:47,331 | INFO |   model_key: hdc_bert
2026-03-17 03:20:47,331 | INFO |   dataset: ag_news
2026-03-17 03:20:47,331 | INFO |   batch_size: 32
2026-03-17 03:20:47,331 | INFO |   max_length: 128
2026-03-17 03:20:47,331 | INFO |   model_name: bert-base-uncased
2026-03-17 03:20:47,331 | INFO |   dropout: 0.1
2026-03-17 03:20:47,331 | INFO |   split_layer: 10
2026-03-17 03:20:47,331 | INFO |   tau: 0.5
2026-03-17 03:20:47,331 | INFO |   target_keep_ratio: 0.7
2026-03-17 03:20:47,331 | INFO |   lambda_mod: 0.001
2026-03-17 03:20:47,331 | INFO |   stage1_learning_rate: 2e-05
2026-03-17 03:20:47,331 | INFO |   stage1_epochs: 3
2026-03-17 03:20:47,331 | INFO |   stage2_learning_rate: 0.001
2026-03-17 03:20:47,331 | INFO |   stage2_epochs: 5
2026-03-17 03:20:47,331 | INFO |   stage3_learning_rate: 0.001
2026-03-17 03:20:47,331 | INFO |   stage3_epochs: 5
2026-03-17 03:20:47,331 | INFO |   entropy_threshold: 0.2
2026-03-17 03:20:47,331 | INFO |   eval_early_exit: True
2026-03-17 03:20:47,331 | INFO |   seed: 42
2026-03-17 03:20:47,331 | INFO |   output_root: ./experiments_split/agnews
2026-03-17 03:20:47,331 | INFO |   resume_step1_ckpt: ./experiments_split/agnews/shared_step1.pt
2026-03-17 03:20:47,331 | INFO |   resume_step2_ckpt: None
2026-03-17 03:20:47,332 | INFO |   output_dir: experiments_split/agnews/split_10
2026-03-17 03:20:47,332 | INFO | Using device: cuda
2026-03-17 03:20:47,332 | INFO | Loading data (train/test)...
2026-03-17 03:21:01,428 | INFO | Train batches: 3750, Test batches: 238
2026-03-17 03:21:01,428 | INFO | Data loaded. num_labels=4
2026-03-17 03:21:01,428 | INFO | Initializing HDC-BERT model...
2026-03-17 03:21:02,208 | INFO | Total parameters: 109,517,614
2026-03-17 03:21:02,209 | INFO | Off-ramp parameters: 30,760 (0.0281%)
2026-03-17 03:21:02,209 | INFO | Router parameters: 1,538 (0.0014%)
2026-03-17 03:21:02,209 | INFO | Stage A layers: 0..9 (10 layers)
2026-03-17 03:21:02,209 | INFO | Stage B layers: 10..11 (2 layers)
2026-03-17 03:21:02,209 | INFO | Loading Stage 1 checkpoint from: ./experiments_split/agnews/shared_step1.pt
2026-03-17 03:21:02,595 | INFO | Starting Stage 2: Off-ramp training...
2026-03-17 03:31:41,789 | INFO | Loading best Stage 2 checkpoint: experiments_split/agnews/split_10/best_model_step2.pt
2026-03-17 03:31:42,130 | INFO | Starting Stage 3: Router training...
2026-03-17 03:40:49,307 | INFO | Loading best Stage 3 checkpoint: experiments_split/agnews/split_10/best_model_step3.pt
2026-03-17 03:40:49,657 | INFO | Running final routing evaluation (forward_with_routing)...
2026-03-17 03:40:59,571 | INFO | Final routing accuracy:     0.9471
2026-03-17 03:40:59,571 | INFO | Final avg keep rate (B):    0.5375
2026-03-17 03:40:59,571 | INFO |   Stage B layer 0: keep_rate=0.4982
2026-03-17 03:40:59,571 | INFO |   Stage B layer 1: keep_rate=0.5768
2026-03-17 03:40:59,571 | INFO | Running final HDC inference evaluation...
2026-03-17 03:41:33,866 | INFO | HDC inference accuracy:     0.9429
2026-03-17 03:41:33,866 | INFO | Stage A exit rate:          0.9095
2026-03-17 03:41:33,866 | INFO | Avg exit layer (Stage A):   3.83
2026-03-17 03:41:33,866 | INFO | Avg keep rate (Stage B):    0.5343
2026-03-17 03:41:33,866 | INFO | Exit histogram:             {'1': 171, '10': 348, '2': 2881, '3': 852, '4': 1126, '5': 565, '6': 274, '7': 262, '8': 212, '9': 221, 'final': 688}
2026-03-17 03:41:33,866 | INFO | Measuring inference latency...
2026-03-17 03:41:39,045 | INFO | Inference speed: 0.6813 ms/sample (acc=0.9466)
2026-03-17 03:41:39,048 | INFO | HDC-BERT experiment completed successfully!
